Archive member included to satisfy reference by file (symbol)

/Applications/STM32CubeIDE.app/Contents/Eclipse/plugins/com.st.stm32cube.ide.mcu.externaltools.gnu-tools-for-stm32.10.3-2021.10.macos64_1.0.0.202111181127/tools/bin/../lib/gcc/arm-none-eabi/10.3.1/../../../../arm-none-eabi/lib/thumb/v7e-m+fp/hard/libc_nano.a(lib_a-errno.o)
                              ./Core/Src/syscalls.o (__errno)
/Applications/STM32CubeIDE.app/Contents/Eclipse/plugins/com.st.stm32cube.ide.mcu.externaltools.gnu-tools-for-stm32.10.3-2021.10.macos64_1.0.0.202111181127/tools/bin/../lib/gcc/arm-none-eabi/10.3.1/../../../../arm-none-eabi/lib/thumb/v7e-m+fp/hard/libc_nano.a(lib_a-exit.o)
                              /Applications/STM32CubeIDE.app/Contents/Eclipse/plugins/com.st.stm32cube.ide.mcu.externaltools.gnu-tools-for-stm32.10.3-2021.10.macos64_1.0.0.202111181127/tools/bin/../lib/gcc/arm-none-eabi/10.3.1/../../../../arm-none-eabi/lib/thumb/v7e-m+fp/hard/crt0.o (exit)
/Applications/STM32CubeIDE.app/Contents/Eclipse/plugins/com.st.stm32cube.ide.mcu.externaltools.gnu-tools-for-stm32.10.3-2021.10.macos64_1.0.0.202111181127/tools/bin/../lib/gcc/arm-none-eabi/10.3.1/../../../../arm-none-eabi/lib/thumb/v7e-m+fp/hard/libc_nano.a(lib_a-impure.o)
                              /Applications/STM32CubeIDE.app/Contents/Eclipse/plugins/com.st.stm32cube.ide.mcu.externaltools.gnu-tools-for-stm32.10.3-2021.10.macos64_1.0.0.202111181127/tools/bin/../lib/gcc/arm-none-eabi/10.3.1/../../../../arm-none-eabi/lib/thumb/v7e-m+fp/hard/libc_nano.a(lib_a-exit.o) (_global_impure_ptr)
/Applications/STM32CubeIDE.app/Contents/Eclipse/plugins/com.st.stm32cube.ide.mcu.externaltools.gnu-tools-for-stm32.10.3-2021.10.macos64_1.0.0.202111181127/tools/bin/../lib/gcc/arm-none-eabi/10.3.1/../../../../arm-none-eabi/lib/thumb/v7e-m+fp/hard/libc_nano.a(lib_a-init.o)
                              /Applications/STM32CubeIDE.app/Contents/Eclipse/plugins/com.st.stm32cube.ide.mcu.externaltools.gnu-tools-for-stm32.10.3-2021.10.macos64_1.0.0.202111181127/tools/bin/../lib/gcc/arm-none-eabi/10.3.1/../../../../arm-none-eabi/lib/thumb/v7e-m+fp/hard/crt0.o (__libc_init_array)
/Applications/STM32CubeIDE.app/Contents/Eclipse/plugins/com.st.stm32cube.ide.mcu.externaltools.gnu-tools-for-stm32.10.3-2021.10.macos64_1.0.0.202111181127/tools/bin/../lib/gcc/arm-none-eabi/10.3.1/../../../../arm-none-eabi/lib/thumb/v7e-m+fp/hard/libc_nano.a(lib_a-memcpy-stub.o)
                              ./FreeRTOS/queue.o (memcpy)
/Applications/STM32CubeIDE.app/Contents/Eclipse/plugins/com.st.stm32cube.ide.mcu.externaltools.gnu-tools-for-stm32.10.3-2021.10.macos64_1.0.0.202111181127/tools/bin/../lib/gcc/arm-none-eabi/10.3.1/../../../../arm-none-eabi/lib/thumb/v7e-m+fp/hard/libc_nano.a(lib_a-memset.o)
                              /Applications/STM32CubeIDE.app/Contents/Eclipse/plugins/com.st.stm32cube.ide.mcu.externaltools.gnu-tools-for-stm32.10.3-2021.10.macos64_1.0.0.202111181127/tools/bin/../lib/gcc/arm-none-eabi/10.3.1/../../../../arm-none-eabi/lib/thumb/v7e-m+fp/hard/crt0.o (memset)
/Applications/STM32CubeIDE.app/Contents/Eclipse/plugins/com.st.stm32cube.ide.mcu.externaltools.gnu-tools-for-stm32.10.3-2021.10.macos64_1.0.0.202111181127/tools/bin/../lib/gcc/arm-none-eabi/10.3.1/../../../../arm-none-eabi/lib/thumb/v7e-m+fp/hard/libc_nano.a(lib_a-strcpy.o)
                              ./FreeRTOS/tasks.o (strcpy)
/Applications/STM32CubeIDE.app/Contents/Eclipse/plugins/com.st.stm32cube.ide.mcu.externaltools.gnu-tools-for-stm32.10.3-2021.10.macos64_1.0.0.202111181127/tools/bin/../lib/gcc/arm-none-eabi/10.3.1/../../../../arm-none-eabi/lib/thumb/v7e-m+fp/hard/libc_nano.a(lib_a-strlen.o)
                              ./FreeRTOS/tasks.o (strlen)
/Applications/STM32CubeIDE.app/Contents/Eclipse/plugins/com.st.stm32cube.ide.mcu.externaltools.gnu-tools-for-stm32.10.3-2021.10.macos64_1.0.0.202111181127/tools/bin/../lib/gcc/arm-none-eabi/10.3.1/../../../../arm-none-eabi/lib/thumb/v7e-m+fp/hard/libc_nano.a(lib_a-strncat.o)
                              ./FreeRTOS/tasks.o (strncat)
/Applications/STM32CubeIDE.app/Contents/Eclipse/plugins/com.st.stm32cube.ide.mcu.externaltools.gnu-tools-for-stm32.10.3-2021.10.macos64_1.0.0.202111181127/tools/bin/../lib/gcc/arm-none-eabi/10.3.1/thumb/v7e-m+fp/hard/libgcc.a(_aeabi_uldivmod.o)
                              ./Drivers/STM32F4xx_HAL_Driver/Src/stm32f4xx_hal_rcc.o (__aeabi_uldivmod)
/Applications/STM32CubeIDE.app/Contents/Eclipse/plugins/com.st.stm32cube.ide.mcu.externaltools.gnu-tools-for-stm32.10.3-2021.10.macos64_1.0.0.202111181127/tools/bin/../lib/gcc/arm-none-eabi/10.3.1/thumb/v7e-m+fp/hard/libgcc.a(_udivmoddi4.o)
                              /Applications/STM32CubeIDE.app/Contents/Eclipse/plugins/com.st.stm32cube.ide.mcu.externaltools.gnu-tools-for-stm32.10.3-2021.10.macos64_1.0.0.202111181127/tools/bin/../lib/gcc/arm-none-eabi/10.3.1/thumb/v7e-m+fp/hard/libgcc.a(_aeabi_uldivmod.o) (__udivmoddi4)
[...]
Memory Configuration

Name             Origin             Length             Attributes
CCMRAM           0x0000000010000000 0x0000000000010000 xrw
RAM              0x0000000020000000 0x0000000000020000 xrw
FLASH            0x0000000008000000 0x0000000000100000 xr
*default*        0x0000000000000000 0xffffffffffffffff

Linker script and memory map

LOAD /Applications/STM32CubeIDE.app/Contents/Eclipse/plugins/com.st.stm32cube.ide.mcu.externaltools.gnu-tools-for-stm32.10.3-2021.10.macos64_1.0.0.202111181127/tools/bin/../lib/gcc/arm-none-eabi/10.3.1/thumb/v7e-m+fp/hard/crti.o
LOAD /Applications/STM32CubeIDE.app/Contents/Eclipse/plugins/com.st.stm32cube.ide.mcu.externaltools.gnu-tools-for-stm32.10.3-2021.10.macos64_1.0.0.202111181127/tools/bin/../lib/gcc/arm-none-eabi/10.3.1/thumb/v7e-m+fp/hard/crtbegin.o
LOAD /Applications/STM32CubeIDE.app/Contents/Eclipse/plugins/com.st.stm32cube.ide.mcu.externaltools.gnu-tools-for-stm32.10.3-2021.10.macos64_1.0.0.202111181127/tools/bin/../lib/gcc/arm-none-eabi/10.3.1/../../../../arm-none-eabi/lib/thumb/v7e-m+fp/hard/crt0.o
LOAD ./Core/Src/main.o
LOAD ./Core/Src/stm32f4xx_hal_msp.o
LOAD ./Core/Src/stm32f4xx_hal_timebase_tim.o
LOAD ./Core/Src/stm32f4xx_it.o
LOAD ./Core/Src/syscalls.o
LOAD ./Core/Src/sysmem.o
LOAD ./Core/Src/system_stm32f4xx.o
LOAD ./Core/Startup/startup_stm32f407vgtx.o
LOAD ./Drivers/STM32F4xx_HAL_Driver/Src/stm32f4xx_hal.o
LOAD ./Drivers/STM32F4xx_HAL_Driver/Src/stm32f4xx_hal_cortex.o
LOAD ./Drivers/STM32F4xx_HAL_Driver/Src/stm32f4xx_hal_dma.o
LOAD ./Drivers/STM32F4xx_HAL_Driver/Src/stm32f4xx_hal_dma_ex.o
LOAD ./Drivers/STM32F4xx_HAL_Driver/Src/stm32f4xx_hal_exti.o
LOAD ./Drivers/STM32F4xx_HAL_Driver/Src/stm32f4xx_hal_flash.o
LOAD ./Drivers/STM32F4xx_HAL_Driver/Src/stm32f4xx_hal_flash_ex.o
LOAD ./Drivers/STM32F4xx_HAL_Driver/Src/stm32f4xx_hal_flash_ramfunc.o
LOAD ./Drivers/STM32F4xx_HAL_Driver/Src/stm32f4xx_hal_gpio.o
LOAD ./Drivers/STM32F4xx_HAL_Driver/Src/stm32f4xx_hal_pwr.o
LOAD ./Drivers/STM32F4xx_HAL_Driver/Src/stm32f4xx_hal_pwr_ex.o
LOAD ./Drivers/STM32F4xx_HAL_Driver/Src/stm32f4xx_hal_rcc.o
LOAD ./Drivers/STM32F4xx_HAL_Driver/Src/stm32f4xx_hal_rcc_ex.o
LOAD ./Drivers/STM32F4xx_HAL_Driver/Src/stm32f4xx_hal_tim.o
LOAD ./Drivers/STM32F4xx_HAL_Driver/Src/stm32f4xx_hal_tim_ex.o
LOAD ./Drivers/STM32F4xx_HAL_Driver/Src/stm32f4xx_hal_uart.o
LOAD ./FreeRTOS/ARM_CM4F/port.o
LOAD ./FreeRTOS/croutine.o
LOAD ./FreeRTOS/event_groups.o
LOAD ./FreeRTOS/heap_4.o
LOAD ./FreeRTOS/list.o
LOAD ./FreeRTOS/queue.o
LOAD ./FreeRTOS/stream_buffer.o
LOAD ./FreeRTOS/tasks.o
LOAD ./FreeRTOS/timers.o
START GROUP
LOAD /Applications/STM32CubeIDE.app/Contents/Eclipse/plugins/com.st.stm32cube.ide.mcu.externaltools.gnu-tools-for-stm32.10.3-2021.10.macos64_1.0.0.202111181127/tools/bin/../lib/gcc/arm-none-eabi/10.3.1/../../../../arm-none-eabi/lib/thumb/v7e-m+fp/hard/libc_nano.a
LOAD /Applications/STM32CubeIDE.app/Contents/Eclipse/plugins/com.st.stm32cube.ide.mcu.externaltools.gnu-tools-for-stm32.10.3-2021.10.macos64_1.0.0.202111181127/tools/bin/../lib/gcc/arm-none-eabi/10.3.1/../../../../arm-none-eabi/lib/thumb/v7e-m+fp/hard/libm.a
END GROUP
START GROUP
LOAD /Applications/STM32CubeIDE.app/Contents/Eclipse/plugins/com.st.stm32cube.ide.mcu.externaltools.gnu-tools-for-stm32.10.3-2021.10.macos64_1.0.0.202111181127/tools/bin/../lib/gcc/arm-none-eabi/10.3.1/thumb/v7e-m+fp/hard/libgcc.a
LOAD /Applications/STM32CubeIDE.app/Contents/Eclipse/plugins/com.st.stm32cube.ide.mcu.externaltools.gnu-tools-for-stm32.10.3-2021.10.macos64_1.0.0.202111181127/tools/bin/../lib/gcc/arm-none-eabi/10.3.1/../../../../arm-none-eabi/lib/thumb/v7e-m+fp/hard/libc_nano.a
END GROUP
START GROUP
LOAD /Applications/STM32CubeIDE.app/Contents/Eclipse/plugins/com.st.stm32cube.ide.mcu.externaltools.gnu-tools-for-stm32.10.3-2021.10.macos64_1.0.0.202111181127/tools/bin/../lib/gcc/arm-none-eabi/10.3.1/thumb/v7e-m+fp/hard/libgcc.a
LOAD /Applications/STM32CubeIDE.app/Contents/Eclipse/plugins/com.st.stm32cube.ide.mcu.externaltools.gnu-tools-for-stm32.10.3-2021.10.macos64_1.0.0.202111181127/tools/bin/../lib/gcc/arm-none-eabi/10.3.1/../../../../arm-none-eabi/lib/thumb/v7e-m+fp/hard/libc_nano.a
LOAD /Applications/STM32CubeIDE.app/Contents/Eclipse/plugins/com.st.stm32cube.ide.mcu.externaltools.gnu-tools-for-stm32.10.3-2021.10.macos64_1.0.0.202111181127/tools/bin/../lib/gcc/arm-none-eabi/10.3.1/../../../../arm-none-eabi/lib/thumb/v7e-m+fp/hard/libnosys.a
END GROUP
START GROUP
LOAD /Applications/STM32CubeIDE.app/Contents/Eclipse/plugins/com.st.stm32cube.ide.mcu.externaltools.gnu-tools-for-stm32.10.3-2021.10.macos64_1.0.0.202111181127/tools/bin/../lib/gcc/arm-none-eabi/10.3.1/thumb/v7e-m+fp/hard/libgcc.a
LOAD /Applications/STM32CubeIDE.app/Contents/Eclipse/plugins/com.st.stm32cube.ide.mcu.externaltools.gnu-tools-for-stm32.10.3-2021.10.macos64_1.0.0.202111181127/tools/bin/../lib/gcc/arm-none-eabi/10.3.1/../../../../arm-none-eabi/lib/thumb/v7e-m+fp/hard/libc_nano.a
LOAD /Applications/STM32CubeIDE.app/Contents/Eclipse/plugins/com.st.stm32cube.ide.mcu.externaltools.gnu-tools-for-stm32.10.3-2021.10.macos64_1.0.0.202111181127/tools/bin/../lib/gcc/arm-none-eabi/10.3.1/../../../../arm-none-eabi/lib/thumb/v7e-m+fp/hard/libnosys.a
END GROUP
LOAD /Applications/STM32CubeIDE.app/Contents/Eclipse/plugins/com.st.stm32cube.ide.mcu.externaltools.gnu-tools-for-stm32.10.3-2021.10.macos64_1.0.0.202111181127/tools/bin/../lib/gcc/arm-none-eabi/10.3.1/thumb/v7e-m+fp/hard/crtend.o
LOAD /Applications/STM32CubeIDE.app/Contents/Eclipse/plugins/com.st.stm32cube.ide.mcu.externaltools.gnu-tools-for-stm32.10.3-2021.10.macos64_1.0.0.202111181127/tools/bin/../lib/gcc/arm-none-eabi/10.3.1/thumb/v7e-m+fp/hard/crtn.o
                0x0000000020020000                _estack = (ORIGIN (RAM) + LENGTH (RAM))
                0x0000000000000200                _Min_Heap_Size = 0x200
                0x0000000000000400                _Min_Stack_Size = 0x400

.isr_vector     0x0000000008000000      0x188
                0x0000000008000000                . = ALIGN (0x4)
 *(.isr_vector)
 .isr_vector    0x0000000008000000      0x188 ./Core/Startup/startup_stm32f407vgtx.o
                0x0000000008000000                g_pfnVectors
                0x0000000008000188                . = ALIGN (0x4)

.text           0x0000000008000190     0x517c
                0x0000000008000190                . = ALIGN (0x4)
 *(.text)
 .text          0x0000000008000190       0x40 /Applications/STM32CubeIDE.app/Contents/Eclipse/plugins/com.st.stm32cube.ide.mcu.externaltools.gnu-tools-for-stm32.10.3-2021.10.macos64_1.0.0.202111181127/tools/bin/../lib/gcc/arm-none-eabi/10.3.1/thumb/v7e-m+fp/hard/crtbegin.o
 .text          0x00000000080001d0       0x10 /Applications/STM32CubeIDE.app/Contents/Eclipse/plugins/com.st.stm32cube.ide.mcu.externaltools.gnu-tools-for-stm32.10.3-2021.10.macos64_1.0.0.202111181127/tools/bin/../lib/gcc/arm-none-eabi/10.3.1/../../../../arm-none-eabi/lib/thumb/v7e-m+fp/hard/libc_nano.a(lib_a-strlen.o)
                0x00000000080001d0                strlen
 .text          0x00000000080001e0       0x30 /Applications/STM32CubeIDE.app/Contents/Eclipse/plugins/com.st.stm32cube.ide.mcu.externaltools.gnu-tools-for-stm32.10.3-2021.10.macos64_1.0.0.202111181127/tools/bin/../lib/gcc/arm-none-eabi/10.3.1/thumb/v7e-m+fp/hard/libgcc.a(_aeabi_uldivmod.o)
                0x00000000080001e0                __aeabi_uldivmod
 .text          0x0000000008000210      0x2d0 /Applications/STM32CubeIDE.app/Contents/Eclipse/plugins/com.st.stm32cube.ide.mcu.externaltools.gnu-tools-for-stm32.10.3-2021.10.macos64_1.0.0.202111181127/tools/bin/../lib/gcc/arm-none-eabi/10.3.1/thumb/v7e-m+fp/hard/libgcc.a(_udivmoddi4.o)
                0x0000000008000210                __udivmoddi4
 .text          0x00000000080004e0        0x4 /Applications/STM32CubeIDE.app/Contents/Eclipse/plugins/com.st.stm32cube.ide.mcu.externaltools.gnu-tools-for-stm32.10.3-2021.10.macos64_1.0.0.202111181127/tools/bin/../lib/gcc/arm-none-eabi/10.3.1/thumb/v7e-m+fp/hard/libgcc.a(_dvmd_tls.o)
                0x00000000080004e0                __aeabi_ldiv0
                0x00000000080004e0                __aeabi_idiv0
 *(.text*)
 .text.main     0x00000000080004e4       0x94 ./Core/Src/main.o
                0x00000000080004e4                main
 .text.SystemClock_Config
                0x0000000008000578       0xbc ./Core/Src/main.o
                0x0000000008000578                SystemClock_Config
 .text.MX_USART2_UART_Init
                0x0000000008000634       0x54 ./Core/Src/main.o
 .text.MX_GPIO_Init
                0x0000000008000688       0x88 ./Core/Src/main.o
 .text.TaskMonitor_App
                0x0000000008000710       0x2a ./Core/Src/main.o
                0x0000000008000710                TaskMonitor_App
 *fill*         0x000000000800073a        0x2 
 .text.Red_LED_App
                0x000000000800073c       0x2c ./Core/Src/main.o
                0x000000000800073c                Red_LED_App
 .text.Green_LED_App
                0x0000000008000768       0x2c ./Core/Src/main.o
                0x0000000008000768                Green_LED_App
 .text.Delay_App
                0x0000000008000794       0x12 ./Core/Src/main.o
                0x0000000008000794                Delay_App
 *fill*         0x00000000080007a6        0x2 
 .text.HAL_TIM_PeriodElapsedCallback
                0x00000000080007a8       0x24 ./Core/Src/main.o
                0x00000000080007a8                HAL_TIM_PeriodElapsedCallback
 .text.Error_Handler
                0x00000000080007cc        0xa ./Core/Src/main.o
                0x00000000080007cc                Error_Handler
 *fill*         0x00000000080007d6        0x2 
 .text.HAL_MspInit
                0x00000000080007d8       0x50 ./Core/Src/stm32f4xx_hal_msp.o
                0x00000000080007d8                HAL_MspInit
 .text.HAL_UART_MspInit
                0x0000000008000828       0x90 ./Core/Src/stm32f4xx_hal_msp.o
                0x0000000008000828                HAL_UART_MspInit
 .text.HAL_InitTick
                0x00000000080008b8       0xb0 ./Core/Src/stm32f4xx_hal_timebase_tim.o
                0x00000000080008b8                HAL_InitTick
 .text.NMI_Handler
                0x0000000008000968        0x6 ./Core/Src/stm32f4xx_it.o
                0x0000000008000968                NMI_Handler
 .text.HardFault_Handler
                0x000000000800096e        0x6 ./Core/Src/stm32f4xx_it.o
                0x000000000800096e                HardFault_Handler
 .text.MemManage_Handler
                0x0000000008000974        0x6 ./Core/Src/stm32f4xx_it.o
                0x0000000008000974                MemManage_Handler
 .text.BusFault_Handler
                0x000000000800097a        0x6 ./Core/Src/stm32f4xx_it.o
                0x000000000800097a                BusFault_Handler
 .text.UsageFault_Handler
                0x0000000008000980        0x6 ./Core/Src/stm32f4xx_it.o
                0x0000000008000980                UsageFault_Handler
 .text.DebugMon_Handler
                0x0000000008000986        0xe ./Core/Src/stm32f4xx_it.o
                0x0000000008000986                DebugMon_Handler
 .text.TIM7_IRQHandler
                0x0000000008000994       0x14 ./Core/Src/stm32f4xx_it.o
                0x0000000008000994                TIM7_IRQHandler
 .text.SystemInit
                0x00000000080009a8       0x24 ./Core/Src/system_stm32f4xx.o
                0x00000000080009a8                SystemInit
 .text.Reset_Handler
                0x00000000080009cc       0x50 ./Core/Startup/startup_stm32f407vgtx.o
                0x00000000080009cc                Reset_Handler
 .text.Default_Handler
                0x0000000008000a1c        0x2 ./Core/Startup/startup_stm32f407vgtx.o
                0x0000000008000a1c                DMA1_Stream3_IRQHandler
                0x0000000008000a1c                HASH_RNG_IRQHandler
                0x0000000008000a1c                EXTI2_IRQHandler
                0x0000000008000a1c                TIM8_CC_IRQHandler
                0x0000000008000a1c                TIM1_CC_IRQHandler
                0x0000000008000a1c                DMA2_Stream5_IRQHandler
                0x0000000008000a1c                DMA1_Stream5_IRQHandler
                0x0000000008000a1c                PVD_IRQHandler
                0x0000000008000a1c                SDIO_IRQHandler
                0x0000000008000a1c                TAMP_STAMP_IRQHandler
                0x0000000008000a1c                CAN2_RX1_IRQHandler
                0x0000000008000a1c                EXTI3_IRQHandler
                0x0000000008000a1c                TIM8_TRG_COM_TIM14_IRQHandler
                0x0000000008000a1c                TIM1_UP_TIM10_IRQHandler
                0x0000000008000a1c                TIM8_UP_TIM13_IRQHandler
                0x0000000008000a1c                I2C3_ER_IRQHandler
                0x0000000008000a1c                EXTI0_IRQHandler
                0x0000000008000a1c                I2C2_EV_IRQHandler
                0x0000000008000a1c                DMA1_Stream2_IRQHandler
                0x0000000008000a1c                CAN1_RX0_IRQHandler
                0x0000000008000a1c                FPU_IRQHandler
                0x0000000008000a1c                OTG_HS_WKUP_IRQHandler
                0x0000000008000a1c                CAN2_SCE_IRQHandler
                0x0000000008000a1c                DMA2_Stream2_IRQHandler
                0x0000000008000a1c                SPI1_IRQHandler
                0x0000000008000a1c                TIM6_DAC_IRQHandler
                0x0000000008000a1c                TIM1_BRK_TIM9_IRQHandler
                0x0000000008000a1c                DCMI_IRQHandler
                0x0000000008000a1c                CAN2_RX0_IRQHandler
                0x0000000008000a1c                DMA2_Stream3_IRQHandler
                0x0000000008000a1c                USART6_IRQHandler
                0x0000000008000a1c                USART3_IRQHandler
                0x0000000008000a1c                CAN1_RX1_IRQHandler
                0x0000000008000a1c                UART5_IRQHandler
                0x0000000008000a1c                DMA2_Stream0_IRQHandler
                0x0000000008000a1c                TIM4_IRQHandler
                0x0000000008000a1c                I2C1_EV_IRQHandler
                0x0000000008000a1c                DMA1_Stream6_IRQHandler
                0x0000000008000a1c                DMA1_Stream1_IRQHandler
                0x0000000008000a1c                UART4_IRQHandler
                0x0000000008000a1c                TIM3_IRQHandler
                0x0000000008000a1c                RCC_IRQHandler
                0x0000000008000a1c                TIM8_BRK_TIM12_IRQHandler
                0x0000000008000a1c                Default_Handler
                0x0000000008000a1c                EXTI15_10_IRQHandler
                0x0000000008000a1c                ADC_IRQHandler
                0x0000000008000a1c                DMA1_Stream7_IRQHandler
                0x0000000008000a1c                CAN2_TX_IRQHandler
                0x0000000008000a1c                TIM5_IRQHandler
                0x0000000008000a1c                DMA2_Stream7_IRQHandler
                0x0000000008000a1c                I2C3_EV_IRQHandler
                0x0000000008000a1c                EXTI9_5_IRQHandler
                0x0000000008000a1c                RTC_WKUP_IRQHandler
                0x0000000008000a1c                ETH_WKUP_IRQHandler
                0x0000000008000a1c                SPI2_IRQHandler
                0x0000000008000a1c                OTG_HS_EP1_IN_IRQHandler
                0x0000000008000a1c                DMA1_Stream0_IRQHandler
                0x0000000008000a1c                CAN1_TX_IRQHandler
                0x0000000008000a1c                EXTI4_IRQHandler
                0x0000000008000a1c                FSMC_IRQHandler
                0x0000000008000a1c                ETH_IRQHandler
                0x0000000008000a1c                OTG_HS_EP1_OUT_IRQHandler
                0x0000000008000a1c                WWDG_IRQHandler
                0x0000000008000a1c                TIM2_IRQHandler
                0x0000000008000a1c                OTG_FS_WKUP_IRQHandler
                0x0000000008000a1c                TIM1_TRG_COM_TIM11_IRQHandler
                0x0000000008000a1c                OTG_HS_IRQHandler
                0x0000000008000a1c                EXTI1_IRQHandler
                0x0000000008000a1c                USART2_IRQHandler
                0x0000000008000a1c                I2C2_ER_IRQHandler
                0x0000000008000a1c                DMA2_Stream1_IRQHandler
                0x0000000008000a1c                CAN1_SCE_IRQHandler
                0x0000000008000a1c                FLASH_IRQHandler
                0x0000000008000a1c                DMA2_Stream4_IRQHandler
                0x0000000008000a1c                USART1_IRQHandler
                0x0000000008000a1c                OTG_FS_IRQHandler
                0x0000000008000a1c                SPI3_IRQHandler
                0x0000000008000a1c                DMA1_Stream4_IRQHandler
                0x0000000008000a1c                I2C1_ER_IRQHandler
                0x0000000008000a1c                DMA2_Stream6_IRQHandler
                0x0000000008000a1c                RTC_Alarm_IRQHandler
 *fill*         0x0000000008000a1e        0x2 
 .text.HAL_Init
                0x0000000008000a20       0x44 ./Drivers/STM32F4xx_HAL_Driver/Src/stm32f4xx_hal.o
                0x0000000008000a20                HAL_Init
 .text.HAL_IncTick
                0x0000000008000a64       0x28 ./Drivers/STM32F4xx_HAL_Driver/Src/stm32f4xx_hal.o
                0x0000000008000a64                HAL_IncTick
 .text.HAL_GetTick
                0x0000000008000a8c       0x18 ./Drivers/STM32F4xx_HAL_Driver/Src/stm32f4xx_hal.o
                0x0000000008000a8c                HAL_GetTick
 .text.__NVIC_SetPriorityGrouping
                0x0000000008000aa4       0x48 ./Drivers/STM32F4xx_HAL_Driver/Src/stm32f4xx_hal_cortex.o
 .text.__NVIC_GetPriorityGrouping
                0x0000000008000aec       0x1c ./Drivers/STM32F4xx_HAL_Driver/Src/stm32f4xx_hal_cortex.o
 .text.__NVIC_EnableIRQ
                0x0000000008000b08       0x3c ./Drivers/STM32F4xx_HAL_Driver/Src/stm32f4xx_hal_cortex.o
 .text.__NVIC_SetPriority
                0x0000000008000b44       0x54 ./Drivers/STM32F4xx_HAL_Driver/Src/stm32f4xx_hal_cortex.o
 .text.NVIC_EncodePriority
                0x0000000008000b98       0x66 ./Drivers/STM32F4xx_HAL_Driver/Src/stm32f4xx_hal_cortex.o
 .text.HAL_NVIC_SetPriorityGrouping
                0x0000000008000bfe       0x16 ./Drivers/STM32F4xx_HAL_Driver/Src/stm32f4xx_hal_cortex.o
                0x0000000008000bfe                HAL_NVIC_SetPriorityGrouping
 .text.HAL_NVIC_SetPriority
                0x0000000008000c14       0x38 ./Drivers/STM32F4xx_HAL_Driver/Src/stm32f4xx_hal_cortex.o
                0x0000000008000c14                HAL_NVIC_SetPriority
 .text.HAL_NVIC_EnableIRQ
                0x0000000008000c4c       0x1c ./Drivers/STM32F4xx_HAL_Driver/Src/stm32f4xx_hal_cortex.o
                0x0000000008000c4c                HAL_NVIC_EnableIRQ
 .text.HAL_GPIO_Init
                0x0000000008000c68      0x338 ./Drivers/STM32F4xx_HAL_Driver/Src/stm32f4xx_hal_gpio.o
                0x0000000008000c68                HAL_GPIO_Init
 .text.HAL_GPIO_WritePin
                0x0000000008000fa0       0x32 ./Drivers/STM32F4xx_HAL_Driver/Src/stm32f4xx_hal_gpio.o
                0x0000000008000fa0                HAL_GPIO_WritePin
 .text.HAL_GPIO_TogglePin
                0x0000000008000fd2       0x34 ./Drivers/STM32F4xx_HAL_Driver/Src/stm32f4xx_hal_gpio.o
                0x0000000008000fd2                HAL_GPIO_TogglePin
 *fill*         0x0000000008001006        0x2 
 .text.HAL_RCC_OscConfig
                0x0000000008001008      0x4f0 ./Drivers/STM32F4xx_HAL_Driver/Src/stm32f4xx_hal_rcc.o
                0x0000000008001008                HAL_RCC_OscConfig
 .text.HAL_RCC_ClockConfig
                0x00000000080014f8      0x1cc ./Drivers/STM32F4xx_HAL_Driver/Src/stm32f4xx_hal_rcc.o
                0x00000000080014f8                HAL_RCC_ClockConfig
 .text.HAL_RCC_GetSysClockFreq
                0x00000000080016c4      0x18c ./Drivers/STM32F4xx_HAL_Driver/Src/stm32f4xx_hal_rcc.o
                0x00000000080016c4                HAL_RCC_GetSysClockFreq
 .text.HAL_RCC_GetHCLKFreq
                0x0000000008001850       0x18 ./Drivers/STM32F4xx_HAL_Driver/Src/stm32f4xx_hal_rcc.o
                0x0000000008001850                HAL_RCC_GetHCLKFreq
 .text.HAL_RCC_GetPCLK1Freq
                0x0000000008001868       0x28 ./Drivers/STM32F4xx_HAL_Driver/Src/stm32f4xx_hal_rcc.o
                0x0000000008001868                HAL_RCC_GetPCLK1Freq
 .text.HAL_RCC_GetPCLK2Freq
                0x0000000008001890       0x28 ./Drivers/STM32F4xx_HAL_Driver/Src/stm32f4xx_hal_rcc.o
                0x0000000008001890                HAL_RCC_GetPCLK2Freq
 .text.HAL_RCC_GetClockConfig
                0x00000000080018b8       0x64 ./Drivers/STM32F4xx_HAL_Driver/Src/stm32f4xx_hal_rcc.o
                0x00000000080018b8                HAL_RCC_GetClockConfig
 .text.HAL_TIM_Base_Init
                0x000000000800191c       0x9e ./Drivers/STM32F4xx_HAL_Driver/Src/stm32f4xx_hal_tim.o
                0x000000000800191c                HAL_TIM_Base_Init
 .text.HAL_TIM_Base_MspInit
                0x00000000080019ba       0x14 ./Drivers/STM32F4xx_HAL_Driver/Src/stm32f4xx_hal_tim.o
                0x00000000080019ba                HAL_TIM_Base_MspInit
 *fill*         0x00000000080019ce        0x2 
 .text.HAL_TIM_Base_Start_IT
                0x00000000080019d0       0xe0 ./Drivers/STM32F4xx_HAL_Driver/Src/stm32f4xx_hal_tim.o
                0x00000000080019d0                HAL_TIM_Base_Start_IT
 .text.HAL_TIM_IRQHandler
                0x0000000008001ab0      0x210 ./Drivers/STM32F4xx_HAL_Driver/Src/stm32f4xx_hal_tim.o
                0x0000000008001ab0                HAL_TIM_IRQHandler
 .text.HAL_TIM_OC_DelayElapsedCallback
                0x0000000008001cc0       0x14 ./Drivers/STM32F4xx_HAL_Driver/Src/stm32f4xx_hal_tim.o
                0x0000000008001cc0                HAL_TIM_OC_DelayElapsedCallback
 .text.HAL_TIM_IC_CaptureCallback
                0x0000000008001cd4       0x14 ./Drivers/STM32F4xx_HAL_Driver/Src/stm32f4xx_hal_tim.o
                0x0000000008001cd4                HAL_TIM_IC_CaptureCallback
 .text.HAL_TIM_PWM_PulseFinishedCallback
                0x0000000008001ce8       0x14 ./Drivers/STM32F4xx_HAL_Driver/Src/stm32f4xx_hal_tim.o
                0x0000000008001ce8                HAL_TIM_PWM_PulseFinishedCallback
 .text.HAL_TIM_TriggerCallback
                0x0000000008001cfc       0x14 ./Drivers/STM32F4xx_HAL_Driver/Src/stm32f4xx_hal_tim.o
                0x0000000008001cfc                HAL_TIM_TriggerCallback
 .text.TIM_Base_SetConfig
                0x0000000008001d10      0x140 ./Drivers/STM32F4xx_HAL_Driver/Src/stm32f4xx_hal_tim.o
                0x0000000008001d10                TIM_Base_SetConfig
 .text.HAL_TIMEx_CommutCallback
                0x0000000008001e50       0x14 ./Drivers/STM32F4xx_HAL_Driver/Src/stm32f4xx_hal_tim_ex.o
                0x0000000008001e50                HAL_TIMEx_CommutCallback
 .text.HAL_TIMEx_BreakCallback
                0x0000000008001e64       0x14 ./Drivers/STM32F4xx_HAL_Driver/Src/stm32f4xx_hal_tim_ex.o
                0x0000000008001e64                HAL_TIMEx_BreakCallback
 .text.HAL_UART_Init
                0x0000000008001e78       0x9a ./Drivers/STM32F4xx_HAL_Driver/Src/stm32f4xx_hal_uart.o
                0x0000000008001e78                HAL_UART_Init
 .text.HAL_UART_Transmit
                0x0000000008001f12      0x124 ./Drivers/STM32F4xx_HAL_Driver/Src/stm32f4xx_hal_uart.o
                0x0000000008001f12                HAL_UART_Transmit
 .text.UART_WaitOnFlagUntilTimeout
                0x0000000008002036       0xdc ./Drivers/STM32F4xx_HAL_Driver/Src/stm32f4xx_hal_uart.o
 *fill*         0x0000000008002112        0x2 
 .text.UART_SetConfig
                0x0000000008002114      0x4e8 ./Drivers/STM32F4xx_HAL_Driver/Src/stm32f4xx_hal_uart.o
 .text.pxPortInitialiseStack
                0x00000000080025fc       0x68 ./FreeRTOS/ARM_CM4F/port.o
                0x00000000080025fc                pxPortInitialiseStack
 .text.prvTaskExitError
                0x0000000008002664       0x58 ./FreeRTOS/ARM_CM4F/port.o
 *fill*         0x00000000080026bc        0x4 
 .text.SVC_Handler
                0x00000000080026c0       0x28 ./FreeRTOS/ARM_CM4F/port.o
                0x00000000080026c0                SVC_Handler
 .text.prvPortStartFirstTask
                0x00000000080026e8       0x28 ./FreeRTOS/ARM_CM4F/port.o
 .text.xPortStartScheduler
                0x0000000008002710      0x164 ./FreeRTOS/ARM_CM4F/port.o
                0x0000000008002710                xPortStartScheduler
 .text.vPortEnterCritical
                0x0000000008002874       0x60 ./FreeRTOS/ARM_CM4F/port.o
                0x0000000008002874                vPortEnterCritical
 .text.vPortExitCritical
                0x00000000080028d4       0x54 ./FreeRTOS/ARM_CM4F/port.o
                0x00000000080028d4                vPortExitCritical
 *fill*         0x0000000008002928        0x8 
 .text.PendSV_Handler
                0x0000000008002930       0x68 ./FreeRTOS/ARM_CM4F/port.o
                0x0000000008002930                PendSV_Handler
 .text.SysTick_Handler
                0x0000000008002998       0x44 ./FreeRTOS/ARM_CM4F/port.o
                0x0000000008002998                SysTick_Handler
 .text.vPortSetupTimerInterrupt
                0x00000000080029dc       0x48 ./FreeRTOS/ARM_CM4F/port.o
                0x00000000080029dc                vPortSetupTimerInterrupt
 .text.vPortEnableVFP
                0x0000000008002a24       0x14 ./FreeRTOS/ARM_CM4F/port.o
 .text.vPortValidateInterruptPriority
                0x0000000008002a38       0x80 ./FreeRTOS/ARM_CM4F/port.o
                0x0000000008002a38                vPortValidateInterruptPriority
 .text.pvPortMalloc
                0x0000000008002ab8      0x188 ./FreeRTOS/heap_4.o
                0x0000000008002ab8                pvPortMalloc
 .text.vPortFree
                0x0000000008002c40       0xb4 ./FreeRTOS/heap_4.o
                0x0000000008002c40                vPortFree
 .text.prvHeapInit
                0x0000000008002cf4       0xc4 ./FreeRTOS/heap_4.o
 .text.prvInsertBlockIntoFreeList
                0x0000000008002db8       0xb4 ./FreeRTOS/heap_4.o
 .text.vListInitialise
                0x0000000008002e6c       0x40 ./FreeRTOS/list.o
                0x0000000008002e6c                vListInitialise
 .text.vListInitialiseItem
                0x0000000008002eac       0x1a ./FreeRTOS/list.o
                0x0000000008002eac                vListInitialiseItem
 .text.vListInsertEnd
                0x0000000008002ec6       0x48 ./FreeRTOS/list.o
                0x0000000008002ec6                vListInsertEnd
 .text.vListInsert
                0x0000000008002f0e       0x72 ./FreeRTOS/list.o
                0x0000000008002f0e                vListInsert
 .text.uxListRemove
                0x0000000008002f80       0x54 ./FreeRTOS/list.o
                0x0000000008002f80                uxListRemove
 .text.xQueueGenericReset
                0x0000000008002fd4       0xd0 ./FreeRTOS/queue.o
                0x0000000008002fd4                xQueueGenericReset
 .text.xQueueGenericCreate
                0x00000000080030a4       0x78 ./FreeRTOS/queue.o
                0x00000000080030a4                xQueueGenericCreate
 .text.prvInitialiseNewQueue
                0x000000000800311c       0x46 ./FreeRTOS/queue.o
 *fill*         0x0000000008003162        0x2 
 .text.xQueueGenericSend
                0x0000000008003164      0x1fc ./FreeRTOS/queue.o
                0x0000000008003164                xQueueGenericSend
 .text.xQueueGenericSendFromISR
                0x0000000008003360      0x130 ./FreeRTOS/queue.o
                0x0000000008003360                xQueueGenericSendFromISR
 .text.xQueueReceive
                0x0000000008003490      0x1c0 ./FreeRTOS/queue.o
                0x0000000008003490                xQueueReceive
 .text.prvCopyDataToQueue
                0x0000000008003650       0xd4 ./FreeRTOS/queue.o
 .text.prvCopyDataFromQueue
                0x0000000008003724       0x4c ./FreeRTOS/queue.o
 .text.prvUnlockQueue
                0x0000000008003770       0xa4 ./FreeRTOS/queue.o
 .text.prvIsQueueEmpty
                0x0000000008003814       0x2c ./FreeRTOS/queue.o
 .text.prvIsQueueFull
                0x0000000008003840       0x30 ./FreeRTOS/queue.o
 .text.vQueueAddToRegistry
                0x0000000008003870       0x54 ./FreeRTOS/queue.o
                0x0000000008003870                vQueueAddToRegistry
 .text.vQueueWaitForMessageRestricted
                0x00000000080038c4       0x68 ./FreeRTOS/queue.o
                0x00000000080038c4                vQueueWaitForMessageRestricted
 .text.xTaskCreate
                0x000000000800392c       0x82 ./FreeRTOS/tasks.o
                0x000000000800392c                xTaskCreate
 .text.prvInitialiseNewTask
                0x00000000080039ae      0x11e ./FreeRTOS/tasks.o
 .text.prvAddNewTaskToReadyList
                0x0000000008003acc       0xdc ./FreeRTOS/tasks.o
 .text.vTaskDelay
                0x0000000008003ba8       0x68 ./FreeRTOS/tasks.o
                0x0000000008003ba8                vTaskDelay
 .text.vTaskStartScheduler
                0x0000000008003c10       0x9c ./FreeRTOS/tasks.o
                0x0000000008003c10                vTaskStartScheduler
 .text.vTaskSuspendAll
                0x0000000008003cac       0x1c ./FreeRTOS/tasks.o
                0x0000000008003cac                vTaskSuspendAll
 .text.xTaskResumeAll
                0x0000000008003cc8      0x138 ./FreeRTOS/tasks.o
                0x0000000008003cc8                xTaskResumeAll
 .text.xTaskGetTickCount
                0x0000000008003e00       0x20 ./FreeRTOS/tasks.o
                0x0000000008003e00                xTaskGetTickCount
 .text.xTaskIncrementTick
                0x0000000008003e20      0x170 ./FreeRTOS/tasks.o
                0x0000000008003e20                xTaskIncrementTick
 .text.vTaskSwitchContext
                0x0000000008003f90       0xb8 ./FreeRTOS/tasks.o
                0x0000000008003f90                vTaskSwitchContext
 .text.vTaskPlaceOnEventList
                0x0000000008004048       0x48 ./FreeRTOS/tasks.o
                0x0000000008004048                vTaskPlaceOnEventList
 .text.vTaskPlaceOnEventListRestricted
                0x0000000008004090       0x58 ./FreeRTOS/tasks.o
                0x0000000008004090                vTaskPlaceOnEventListRestricted
 .text.xTaskRemoveFromEventList
                0x00000000080040e8       0xc4 ./FreeRTOS/tasks.o
                0x00000000080040e8                xTaskRemoveFromEventList
 .text.vTaskInternalSetTimeOutState
                0x00000000080041ac       0x2c ./FreeRTOS/tasks.o
                0x00000000080041ac                vTaskInternalSetTimeOutState
 .text.xTaskCheckForTimeOut
                0x00000000080041d8       0xc4 ./FreeRTOS/tasks.o
                0x00000000080041d8                xTaskCheckForTimeOut
 .text.vTaskMissedYield
                0x000000000800429c       0x18 ./FreeRTOS/tasks.o
                0x000000000800429c                vTaskMissedYield
 .text.prvIdleTask
                0x00000000080042b4       0x30 ./FreeRTOS/tasks.o
 .text.prvInitialiseTaskLists
                0x00000000080042e4       0x80 ./FreeRTOS/tasks.o
 .text.prvCheckTasksWaitingTermination
                0x0000000008004364       0x5c ./FreeRTOS/tasks.o
 .text.prvDeleteTCB
                0x00000000080043c0       0x20 ./FreeRTOS/tasks.o
 .text.prvResetNextTaskUnblockTime
                0x00000000080043e0       0x40 ./FreeRTOS/tasks.o
 .text.xTaskGetSchedulerState
                0x0000000008004420       0x3c ./FreeRTOS/tasks.o
                0x0000000008004420                xTaskGetSchedulerState
 .text.xTaskPriorityDisinherit
                0x000000000800445c      0x10c ./FreeRTOS/tasks.o
                0x000000000800445c                xTaskPriorityDisinherit
 .text.prvAddCurrentTaskToDelayedList
                0x0000000008004568       0xcc ./FreeRTOS/tasks.o
 .text.Uint32ConvertHex
                0x0000000008004634       0xe2 ./FreeRTOS/tasks.o
                0x0000000008004634                Uint32ConvertHex
 *fill*         0x0000000008004716        0x2 
 .text.LongConvertCharArray
                0x0000000008004718       0xd8 ./FreeRTOS/tasks.o
                0x0000000008004718                LongConvertCharArray
 .text.Taskmonitor
                0x00000000080047f0      0x434 ./FreeRTOS/tasks.o
                0x00000000080047f0                Taskmonitor
 .text.xTimerCreateTimerTask
                0x0000000008004c24       0x64 ./FreeRTOS/timers.o
                0x0000000008004c24                xTimerCreateTimerTask
 .text.xTimerGenericCommand
                0x0000000008004c88       0x9c ./FreeRTOS/timers.o
                0x0000000008004c88                xTimerGenericCommand
 .text.prvProcessExpiredTimer
                0x0000000008004d24       0x98 ./FreeRTOS/timers.o
 .text.prvTimerTask
                0x0000000008004dbc       0x24 ./FreeRTOS/timers.o
 .text.prvProcessTimerOrBlockTask
                0x0000000008004de0       0x9c ./FreeRTOS/timers.o
 .text.prvGetNextExpireTime
                0x0000000008004e7c       0x48 ./FreeRTOS/timers.o
 .text.prvSampleTimeNow
                0x0000000008004ec4       0x40 ./FreeRTOS/timers.o
 .text.prvInsertTimerInActiveList
                0x0000000008004f04       0x84 ./FreeRTOS/timers.o
 .text.prvProcessReceivedCommands
                0x0000000008004f88      0x18c ./FreeRTOS/timers.o
 .text.prvSwitchTimerLists
                0x0000000008005114       0xc8 ./FreeRTOS/timers.o
 .text.prvCheckForValidListAndQueue
                0x00000000080051dc       0x6c ./FreeRTOS/timers.o
 .text.__libc_init_array
                0x0000000008005248       0x48 /Applications/STM32CubeIDE.app/Contents/Eclipse/plugins/com.st.stm32cube.ide.mcu.externaltools.gnu-tools-for-stm32.10.3-2021.10.macos64_1.0.0.202111181127/tools/bin/../lib/gcc/arm-none-eabi/10.3.1/../../../../arm-none-eabi/lib/thumb/v7e-m+fp/hard/libc_nano.a(lib_a-init.o)
                0x0000000008005248                __libc_init_array
 .text.memcpy   0x0000000008005290       0x1c /Applications/STM32CubeIDE.app/Contents/Eclipse/plugins/com.st.stm32cube.ide.mcu.externaltools.gnu-tools-for-stm32.10.3-2021.10.macos64_1.0.0.202111181127/tools/bin/../lib/gcc/arm-none-eabi/10.3.1/../../../../arm-none-eabi/lib/thumb/v7e-m+fp/hard/libc_nano.a(lib_a-memcpy-stub.o)
                0x0000000008005290                memcpy
 .text.memset   0x00000000080052ac       0x10 /Applications/STM32CubeIDE.app/Contents/Eclipse/plugins/com.st.stm32cube.ide.mcu.externaltools.gnu-tools-for-stm32.10.3-2021.10.macos64_1.0.0.202111181127/tools/bin/../lib/gcc/arm-none-eabi/10.3.1/../../../../arm-none-eabi/lib/thumb/v7e-m+fp/hard/libc_nano.a(lib_a-memset.o)
                0x00000000080052ac                memset
 .text.strcpy   0x00000000080052bc       0x10 /Applications/STM32CubeIDE.app/Contents/Eclipse/plugins/com.st.stm32cube.ide.mcu.externaltools.gnu-tools-for-stm32.10.3-2021.10.macos64_1.0.0.202111181127/tools/bin/../lib/gcc/arm-none-eabi/10.3.1/../../../../arm-none-eabi/lib/thumb/v7e-m+fp/hard/libc_nano.a(lib_a-strcpy.o)
                0x00000000080052bc                strcpy
 .text.strncat  0x00000000080052cc       0x26 /Applications/STM32CubeIDE.app/Contents/Eclipse/plugins/com.st.stm32cube.ide.mcu.externaltools.gnu-tools-for-stm32.10.3-2021.10.macos64_1.0.0.202111181127/tools/bin/../lib/gcc/arm-none-eabi/10.3.1/../../../../arm-none-eabi/lib/thumb/v7e-m+fp/hard/libc_nano.a(lib_a-strncat.o)
                0x00000000080052cc                strncat
 *(.glue_7)
 .glue_7        0x00000000080052f2        0x0 linker stubs
 *(.glue_7t)
 .glue_7t       0x00000000080052f2        0x0 linker stubs
 *(.eh_frame)
 *fill*         0x00000000080052f2        0x2 
 .eh_frame      0x00000000080052f4        0x0 /Applications/STM32CubeIDE.app/Contents/Eclipse/plugins/com.st.stm32cube.ide.mcu.externaltools.gnu-tools-for-stm32.10.3-2021.10.macos64_1.0.0.202111181127/tools/bin/../lib/gcc/arm-none-eabi/10.3.1/thumb/v7e-m+fp/hard/crtbegin.o
 *(.init)
 .init          0x00000000080052f4        0x4 /Applications/STM32CubeIDE.app/Contents/Eclipse/plugins/com.st.stm32cube.ide.mcu.externaltools.gnu-tools-for-stm32.10.3-2021.10.macos64_1.0.0.202111181127/tools/bin/../lib/gcc/arm-none-eabi/10.3.1/thumb/v7e-m+fp/hard/crti.o
                0x00000000080052f4                _init
 .init          0x00000000080052f8        0x8 /Applications/STM32CubeIDE.app/Contents/Eclipse/plugins/com.st.stm32cube.ide.mcu.externaltools.gnu-tools-for-stm32.10.3-2021.10.macos64_1.0.0.202111181127/tools/bin/../lib/gcc/arm-none-eabi/10.3.1/thumb/v7e-m+fp/hard/crtn.o
 *(.fini)
 .fini          0x0000000008005300        0x4 /Applications/STM32CubeIDE.app/Contents/Eclipse/plugins/com.st.stm32cube.ide.mcu.externaltools.gnu-tools-for-stm32.10.3-2021.10.macos64_1.0.0.202111181127/tools/bin/../lib/gcc/arm-none-eabi/10.3.1/thumb/v7e-m+fp/hard/crti.o
                0x0000000008005300                _fini
 .fini          0x0000000008005304        0x8 /Applications/STM32CubeIDE.app/Contents/Eclipse/plugins/com.st.stm32cube.ide.mcu.externaltools.gnu-tools-for-stm32.10.3-2021.10.macos64_1.0.0.202111181127/tools/bin/../lib/gcc/arm-none-eabi/10.3.1/thumb/v7e-m+fp/hard/crtn.o
                0x000000000800530c                . = ALIGN (0x4)
                0x000000000800530c                _etext = .

.vfp11_veneer   0x000000000800530c        0x0
 .vfp11_veneer  0x000000000800530c        0x0 linker stubs

.v4_bx          0x000000000800530c        0x0
 .v4_bx         0x000000000800530c        0x0 linker stubs

.iplt           0x000000000800530c        0x0
 .iplt          0x000000000800530c        0x0 /Applications/STM32CubeIDE.app/Contents/Eclipse/plugins/com.st.stm32cube.ide.mcu.externaltools.gnu-tools-for-stm32.10.3-2021.10.macos64_1.0.0.202111181127/tools/bin/../lib/gcc/arm-none-eabi/10.3.1/thumb/v7e-m+fp/hard/crtbegin.o

.rodata         0x000000000800530c       0xb4
                0x000000000800530c                . = ALIGN (0x4)
 *(.rodata)
 .rodata        0x000000000800530c       0x2a ./Core/Src/main.o
 *fill*         0x0000000008005336        0x2 
 .rodata        0x0000000008005338       0x5d ./FreeRTOS/tasks.o
 *fill*         0x0000000008005395        0x3 
 .rodata        0x0000000008005398        0xd ./FreeRTOS/timers.o
 *(.rodata*)
 *fill*         0x00000000080053a5        0x3 
 .rodata.AHBPrescTable
                0x00000000080053a8       0x10 ./Core/Src/system_stm32f4xx.o
                0x00000000080053a8                AHBPrescTable
 .rodata.APBPrescTable
                0x00000000080053b8        0x8 ./Core/Src/system_stm32f4xx.o
                0x00000000080053b8                APBPrescTable
                0x00000000080053c0                . = ALIGN (0x4)

.ARM.extab      0x00000000080053c0        0x0
                0x00000000080053c0                . = ALIGN (0x4)
 *(.ARM.extab* .gnu.linkonce.armextab.*)
                0x00000000080053c0                . = ALIGN (0x4)

.ARM            0x00000000080053c0        0x8
                0x00000000080053c0                . = ALIGN (0x4)
                0x00000000080053c0                __exidx_start = .
 *(.ARM.exidx*)
 .ARM.exidx     0x00000000080053c0        0x8 /Applications/STM32CubeIDE.app/Contents/Eclipse/plugins/com.st.stm32cube.ide.mcu.externaltools.gnu-tools-for-stm32.10.3-2021.10.macos64_1.0.0.202111181127/tools/bin/../lib/gcc/arm-none-eabi/10.3.1/thumb/v7e-m+fp/hard/libgcc.a(_udivmoddi4.o)
                0x00000000080053c8                __exidx_end = .
                0x00000000080053c8                . = ALIGN (0x4)

.rel.dyn        0x00000000080053c8        0x0
 .rel.iplt      0x00000000080053c8        0x0 /Applications/STM32CubeIDE.app/Contents/Eclipse/plugins/com.st.stm32cube.ide.mcu.externaltools.gnu-tools-for-stm32.10.3-2021.10.macos64_1.0.0.202111181127/tools/bin/../lib/gcc/arm-none-eabi/10.3.1/thumb/v7e-m+fp/hard/crtbegin.o

.preinit_array  0x00000000080053c8        0x0
                0x00000000080053c8                . = ALIGN (0x4)
                0x00000000080053c8                PROVIDE (__preinit_array_start = .)
 *(.preinit_array*)
                0x00000000080053c8                PROVIDE (__preinit_array_end = .)
                0x00000000080053c8                . = ALIGN (0x4)

.init_array     0x00000000080053c8        0x4
                0x00000000080053c8                . = ALIGN (0x4)
                0x00000000080053c8                PROVIDE (__init_array_start = .)
 *(SORT_BY_NAME(.init_array.*))
 *(.init_array*)
 .init_array    0x00000000080053c8        0x4 /Applications/STM32CubeIDE.app/Contents/Eclipse/plugins/com.st.stm32cube.ide.mcu.externaltools.gnu-tools-for-stm32.10.3-2021.10.macos64_1.0.0.202111181127/tools/bin/../lib/gcc/arm-none-eabi/10.3.1/thumb/v7e-m+fp/hard/crtbegin.o
                0x00000000080053cc                PROVIDE (__init_array_end = .)
                0x00000000080053cc                . = ALIGN (0x4)

.fini_array     0x00000000080053cc        0x4
                0x00000000080053cc                . = ALIGN (0x4)
                [!provide]                        PROVIDE (__fini_array_start = .)
 *(SORT_BY_NAME(.fini_array.*))
 *(.fini_array*)
 .fini_array    0x00000000080053cc        0x4 /Applications/STM32CubeIDE.app/Contents/Eclipse/plugins/com.st.stm32cube.ide.mcu.externaltools.gnu-tools-for-stm32.10.3-2021.10.macos64_1.0.0.202111181127/tools/bin/../lib/gcc/arm-none-eabi/10.3.1/thumb/v7e-m+fp/hard/crtbegin.o
                [!provide]                        PROVIDE (__fini_array_end = .)
                0x00000000080053d0                . = ALIGN (0x4)
                0x00000000080053d0                _sidata = LOADADDR (.data)

.data           0x0000000020000000       0x10 load address 0x00000000080053d0
                0x0000000020000000                . = ALIGN (0x4)
                0x0000000020000000                _sdata = .
 *(.data)
 *(.data*)
 .data.SystemCoreClock
                0x0000000020000000        0x4 ./Core/Src/system_stm32f4xx.o
                0x0000000020000000                SystemCoreClock
 .data.uwTickPrio
                0x0000000020000004        0x4 ./Drivers/STM32F4xx_HAL_Driver/Src/stm32f4xx_hal.o
                0x0000000020000004                uwTickPrio
 .data.uwTickFreq
                0x0000000020000008        0x1 ./Drivers/STM32F4xx_HAL_Driver/Src/stm32f4xx_hal.o
                0x0000000020000008                uwTickFreq
 *fill*         0x0000000020000009        0x3 
 .data.uxCriticalNesting
                0x000000002000000c        0x4 ./FreeRTOS/ARM_CM4F/port.o
 *(.RamFunc)
 *(.RamFunc*)
                0x0000000020000010                . = ALIGN (0x4)
                0x0000000020000010                _edata = .
                0x00000000080053e0                _siccmram = LOADADDR (.ccmram)

.igot.plt       0x0000000020000010        0x0 load address 0x00000000080053e0
 .igot.plt      0x0000000020000010        0x0 /Applications/STM32CubeIDE.app/Contents/Eclipse/plugins/com.st.stm32cube.ide.mcu.externaltools.gnu-tools-for-stm32.10.3-2021.10.macos64_1.0.0.202111181127/tools/bin/../lib/gcc/arm-none-eabi/10.3.1/thumb/v7e-m+fp/hard/crtbegin.o

.ccmram         0x0000000010000000        0x0 load address 0x00000000080053e0
                0x0000000010000000                . = ALIGN (0x4)
                0x0000000010000000                _sccmram = .
 *(.ccmram)
 *(.ccmram*)
                0x0000000010000000                . = ALIGN (0x4)
                0x0000000010000000                _eccmram = .
                0x0000000010000000                . = ALIGN (0x4)

.bss            0x0000000020000010    0x12f14
                0x0000000020000010                _sbss = .
                0x0000000020000010                __bss_start__ = _sbss
 *(.bss)
 .bss           0x0000000020000010       0x1c /Applications/STM32CubeIDE.app/Contents/Eclipse/plugins/com.st.stm32cube.ide.mcu.externaltools.gnu-tools-for-stm32.10.3-2021.10.macos64_1.0.0.202111181127/tools/bin/../lib/gcc/arm-none-eabi/10.3.1/thumb/v7e-m+fp/hard/crtbegin.o
 *(.bss*)
 .bss.huart2    0x000000002000002c       0x44 ./Core/Src/main.o
                0x000000002000002c                huart2
 .bss.htim7     0x0000000020000070       0x48 ./Core/Src/stm32f4xx_hal_timebase_tim.o
                0x0000000020000070                htim7
 .bss.uwTick    0x00000000200000b8        0x4 ./Drivers/STM32F4xx_HAL_Driver/Src/stm32f4xx_hal.o
                0x00000000200000b8                uwTick
 .bss.ucMaxSysCallPriority
                0x00000000200000bc        0x1 ./FreeRTOS/ARM_CM4F/port.o
 *fill*         0x00000000200000bd        0x3 
 .bss.ulMaxPRIGROUPValue
                0x00000000200000c0        0x4 ./FreeRTOS/ARM_CM4F/port.o
 .bss.ucHeap    0x00000000200000c4    0x12c00 ./FreeRTOS/heap_4.o
 .bss.xStart    0x0000000020012cc4        0x8 ./FreeRTOS/heap_4.o
 .bss.pxEnd     0x0000000020012ccc        0x4 ./FreeRTOS/heap_4.o
 .bss.xFreeBytesRemaining
                0x0000000020012cd0        0x4 ./FreeRTOS/heap_4.o
 .bss.xMinimumEverFreeBytesRemaining
                0x0000000020012cd4        0x4 ./FreeRTOS/heap_4.o
 .bss.xBlockAllocatedBit
                0x0000000020012cd8        0x4 ./FreeRTOS/heap_4.o
 .bss.xQueueRegistry
                0x0000000020012cdc       0x40 ./FreeRTOS/queue.o
                0x0000000020012cdc                xQueueRegistry
 .bss.pxCurrentTCB
                0x0000000020012d1c        0x4 ./FreeRTOS/tasks.o
                0x0000000020012d1c                pxCurrentTCB
 .bss.pxReadyTasksLists
                0x0000000020012d20      0x12c ./FreeRTOS/tasks.o
 .bss.xDelayedTaskList1
                0x0000000020012e4c       0x14 ./FreeRTOS/tasks.o
 .bss.xDelayedTaskList2
                0x0000000020012e60       0x14 ./FreeRTOS/tasks.o
 .bss.pxDelayedTaskList
                0x0000000020012e74        0x4 ./FreeRTOS/tasks.o
 .bss.pxOverflowDelayedTaskList
                0x0000000020012e78        0x4 ./FreeRTOS/tasks.o
 .bss.xPendingReadyList
                0x0000000020012e7c       0x14 ./FreeRTOS/tasks.o
 .bss.xTasksWaitingTermination
                0x0000000020012e90       0x14 ./FreeRTOS/tasks.o
 .bss.uxDeletedTasksWaitingCleanUp
                0x0000000020012ea4        0x4 ./FreeRTOS/tasks.o
 .bss.xSuspendedTaskList
                0x0000000020012ea8       0x14 ./FreeRTOS/tasks.o
 .bss.uxCurrentNumberOfTasks
                0x0000000020012ebc        0x4 ./FreeRTOS/tasks.o
 .bss.xTickCount
                0x0000000020012ec0        0x4 ./FreeRTOS/tasks.o
 .bss.uxTopReadyPriority
                0x0000000020012ec4        0x4 ./FreeRTOS/tasks.o
 .bss.xSchedulerRunning
                0x0000000020012ec8        0x4 ./FreeRTOS/tasks.o
 .bss.uxPendedTicks
                0x0000000020012ecc        0x4 ./FreeRTOS/tasks.o
 .bss.xYieldPending
                0x0000000020012ed0        0x4 ./FreeRTOS/tasks.o
 .bss.xNumOfOverflows
                0x0000000020012ed4        0x4 ./FreeRTOS/tasks.o
 .bss.uxTaskNumber
                0x0000000020012ed8        0x4 ./FreeRTOS/tasks.o
 .bss.xNextTaskUnblockTime
                0x0000000020012edc        0x4 ./FreeRTOS/tasks.o
 .bss.xIdleTaskHandle
                0x0000000020012ee0        0x4 ./FreeRTOS/tasks.o
 .bss.uxSchedulerSuspended
                0x0000000020012ee4        0x4 ./FreeRTOS/tasks.o
 .bss.xActiveTimerList1
                0x0000000020012ee8       0x14 ./FreeRTOS/timers.o
 .bss.xActiveTimerList2
                0x0000000020012efc       0x14 ./FreeRTOS/timers.o
 .bss.pxCurrentTimerList
                0x0000000020012f10        0x4 ./FreeRTOS/timers.o
 .bss.pxOverflowTimerList
                0x0000000020012f14        0x4 ./FreeRTOS/timers.o
 .bss.xTimerQueue
                0x0000000020012f18        0x4 ./FreeRTOS/timers.o
 .bss.xTimerTaskHandle
                0x0000000020012f1c        0x4 ./FreeRTOS/timers.o
 .bss.xLastTime.0
                0x0000000020012f20        0x4 ./FreeRTOS/timers.o
 *(COMMON)
                0x0000000020012f24                . = ALIGN (0x4)
                0x0000000020012f24                _ebss = .
                0x0000000020012f24                __bss_end__ = _ebss

._user_heap_stack
                0x0000000020012f24      0x604
                0x0000000020012f28                . = ALIGN (0x8)
 *fill*         0x0000000020012f24        0x4 
                [!provide]                        PROVIDE (end = .)
                0x0000000020012f28                PROVIDE (_end = .)
                0x0000000020013128                . = (. + _Min_Heap_Size)
 *fill*         0x0000000020012f28      0x200 
                0x0000000020013528                . = (. + _Min_Stack_Size)
 *fill*         0x0000000020013128      0x400 
                0x0000000020013528                . = ALIGN (0x8)

/DISCARD/
 libc.a(*)
 libm.a(*)
 libgcc.a(*)

.ARM.attributes
                0x0000000000000000       0x30
 *(.ARM.attributes)
 .ARM.attributes
                0x0000000000000000       0x1e /Applications/STM32CubeIDE.app/Contents/Eclipse/plugins/com.st.stm32cube.ide.mcu.externaltools.gnu-tools-for-stm32.10.3-2021.10.macos64_1.0.0.202111181127/tools/bin/../lib/gcc/arm-none-eabi/10.3.1/thumb/v7e-m+fp/hard/crti.o
 .ARM.attributes
                0x000000000000001e       0x34 /Applications/STM32CubeIDE.app/Contents/Eclipse/plugins/com.st.stm32cube.ide.mcu.externaltools.gnu-tools-for-stm32.10.3-2021.10.macos64_1.0.0.202111181127/tools/bin/../lib/gcc/arm-none-eabi/10.3.1/thumb/v7e-m+fp/hard/crtbegin.o
 .ARM.attributes
                0x0000000000000052       0x34 ./Core/Src/main.o
 .ARM.attributes
                0x0000000000000086       0x34 ./Core/Src/stm32f4xx_hal_msp.o
 .ARM.attributes
                0x00000000000000ba       0x34 ./Core/Src/stm32f4xx_hal_timebase_tim.o
 .ARM.attributes
                0x00000000000000ee       0x34 ./Core/Src/stm32f4xx_it.o
 .ARM.attributes
                0x0000000000000122       0x34 ./Core/Src/system_stm32f4xx.o
 .ARM.attributes
                0x0000000000000156       0x21 ./Core/Startup/startup_stm32f407vgtx.o
 .ARM.attributes
                0x0000000000000177       0x34 ./Drivers/STM32F4xx_HAL_Driver/Src/stm32f4xx_hal.o
 .ARM.attributes
                0x00000000000001ab       0x34 ./Drivers/STM32F4xx_HAL_Driver/Src/stm32f4xx_hal_cortex.o
 .ARM.attributes
                0x00000000000001df       0x34 ./Drivers/STM32F4xx_HAL_Driver/Src/stm32f4xx_hal_gpio.o
 .ARM.attributes
                0x0000000000000213       0x34 ./Drivers/STM32F4xx_HAL_Driver/Src/stm32f4xx_hal_rcc.o
 .ARM.attributes
                0x0000000000000247       0x34 ./Drivers/STM32F4xx_HAL_Driver/Src/stm32f4xx_hal_tim.o
 .ARM.attributes
                0x000000000000027b       0x34 ./Drivers/STM32F4xx_HAL_Driver/Src/stm32f4xx_hal_tim_ex.o
 .ARM.attributes
                0x00000000000002af       0x34 ./Drivers/STM32F4xx_HAL_Driver/Src/stm32f4xx_hal_uart.o
 .ARM.attributes
                0x00000000000002e3       0x34 ./FreeRTOS/ARM_CM4F/port.o
 .ARM.attributes
                0x0000000000000317       0x34 ./FreeRTOS/heap_4.o
 .ARM.attributes
                0x000000000000034b       0x34 ./FreeRTOS/list.o
 .ARM.attributes
                0x000000000000037f       0x34 ./FreeRTOS/queue.o
 .ARM.attributes
                0x00000000000003b3       0x34 ./FreeRTOS/tasks.o
 .ARM.attributes
                0x00000000000003e7       0x34 ./FreeRTOS/timers.o
 .ARM.attributes
                0x000000000000041b       0x34 /Applications/STM32CubeIDE.app/Contents/Eclipse/plugins/com.st.stm32cube.ide.mcu.externaltools.gnu-tools-for-stm32.10.3-2021.10.macos64_1.0.0.202111181127/tools/bin/../lib/gcc/arm-none-eabi/10.3.1/../../../../arm-none-eabi/lib/thumb/v7e-m+fp/hard/libc_nano.a(lib_a-init.o)
 .ARM.attributes
                0x000000000000044f       0x34 /Applications/STM32CubeIDE.app/Contents/Eclipse/plugins/com.st.stm32cube.ide.mcu.externaltools.gnu-tools-for-stm32.10.3-2021.10.macos64_1.0.0.202111181127/tools/bin/../lib/gcc/arm-none-eabi/10.3.1/../../../../arm-none-eabi/lib/thumb/v7e-m+fp/hard/libc_nano.a(lib_a-memcpy-stub.o)
 .ARM.attributes
                0x0000000000000483       0x34 /Applications/STM32CubeIDE.app/Contents/Eclipse/plugins/com.st.stm32cube.ide.mcu.externaltools.gnu-tools-for-stm32.10.3-2021.10.macos64_1.0.0.202111181127/tools/bin/../lib/gcc/arm-none-eabi/10.3.1/../../../../arm-none-eabi/lib/thumb/v7e-m+fp/hard/libc_nano.a(lib_a-memset.o)
 .ARM.attributes
                0x00000000000004b7       0x34 /Applications/STM32CubeIDE.app/Contents/Eclipse/plugins/com.st.stm32cube.ide.mcu.externaltools.gnu-tools-for-stm32.10.3-2021.10.macos64_1.0.0.202111181127/tools/bin/../lib/gcc/arm-none-eabi/10.3.1/../../../../arm-none-eabi/lib/thumb/v7e-m+fp/hard/libc_nano.a(lib_a-strcpy.o)
 .ARM.attributes
                0x00000000000004eb       0x17 /Applications/STM32CubeIDE.app/Contents/Eclipse/plugins/com.st.stm32cube.ide.mcu.externaltools.gnu-tools-for-stm32.10.3-2021.10.macos64_1.0.0.202111181127/tools/bin/../lib/gcc/arm-none-eabi/10.3.1/../../../../arm-none-eabi/lib/thumb/v7e-m+fp/hard/libc_nano.a(lib_a-strlen.o)
 .ARM.attributes
                0x0000000000000502       0x34 /Applications/STM32CubeIDE.app/Contents/Eclipse/plugins/com.st.stm32cube.ide.mcu.externaltools.gnu-tools-for-stm32.10.3-2021.10.macos64_1.0.0.202111181127/tools/bin/../lib/gcc/arm-none-eabi/10.3.1/../../../../arm-none-eabi/lib/thumb/v7e-m+fp/hard/libc_nano.a(lib_a-strncat.o)
 .ARM.attributes
                0x0000000000000536       0x1e /Applications/STM32CubeIDE.app/Contents/Eclipse/plugins/com.st.stm32cube.ide.mcu.externaltools.gnu-tools-for-stm32.10.3-2021.10.macos64_1.0.0.202111181127/tools/bin/../lib/gcc/arm-none-eabi/10.3.1/thumb/v7e-m+fp/hard/libgcc.a(_aeabi_uldivmod.o)
 .ARM.attributes
                0x0000000000000554       0x34 /Applications/STM32CubeIDE.app/Contents/Eclipse/plugins/com.st.stm32cube.ide.mcu.externaltools.gnu-tools-for-stm32.10.3-2021.10.macos64_1.0.0.202111181127/tools/bin/../lib/gcc/arm-none-eabi/10.3.1/thumb/v7e-m+fp/hard/libgcc.a(_udivmoddi4.o)
 .ARM.attributes
                0x0000000000000588       0x1e /Applications/STM32CubeIDE.app/Contents/Eclipse/plugins/com.st.stm32cube.ide.mcu.externaltools.gnu-tools-for-stm32.10.3-2021.10.macos64_1.0.0.202111181127/tools/bin/../lib/gcc/arm-none-eabi/10.3.1/thumb/v7e-m+fp/hard/libgcc.a(_dvmd_tls.o)
 .ARM.attributes
                0x00000000000005a6       0x1e /Applications/STM32CubeIDE.app/Contents/Eclipse/plugins/com.st.stm32cube.ide.mcu.externaltools.gnu-tools-for-stm32.10.3-2021.10.macos64_1.0.0.202111181127/tools/bin/../lib/gcc/arm-none-eabi/10.3.1/thumb/v7e-m+fp/hard/crtn.o
OUTPUT(Embedded_OS_Lab3_P76091713.elf elf32-littlearm)
LOAD linker stubs
LOAD /Applications/STM32CubeIDE.app/Contents/Eclipse/plugins/com.st.stm32cube.ide.mcu.externaltools.gnu-tools-for-stm32.10.3-2021.10.macos64_1.0.0.202111181127/tools/bin/../lib/gcc/arm-none-eabi/10.3.1/../../../../arm-none-eabi/lib/thumb/v7e-m+fp/hard/libc.a
LOAD /Applications/STM32CubeIDE.app/Contents/Eclipse/plugins/com.st.stm32cube.ide.mcu.externaltools.gnu-tools-for-stm32.10.3-2021.10.macos64_1.0.0.202111181127/tools/bin/../lib/gcc/arm-none-eabi/10.3.1/../../../../arm-none-eabi/lib/thumb/v7e-m+fp/hard/libm.a
LOAD /Applications/STM32CubeIDE.app/Contents/Eclipse/plugins/com.st.stm32cube.ide.mcu.externaltools.gnu-tools-for-stm32.10.3-2021.10.macos64_1.0.0.202111181127/tools/bin/../lib/gcc/arm-none-eabi/10.3.1/thumb/v7e-m+fp/hard/libgcc.a

.debug_info     0x0000000000000000    0x12885
 .debug_info    0x0000000000000000     0x1122 ./Core/Src/main.o
 .debug_info    0x0000000000001122      0x96b ./Core/Src/stm32f4xx_hal_msp.o
 .debug_info    0x0000000000001a8d      0xc21 ./Core/Src/stm32f4xx_hal_timebase_tim.o
 .debug_info    0x00000000000026ae      0x6f8 ./Core/Src/stm32f4xx_it.o
 .debug_info    0x0000000000002da6      0x523 ./Core/Src/system_stm32f4xx.o
 .debug_info    0x00000000000032c9       0x22 ./Core/Startup/startup_stm32f407vgtx.o
 .debug_info    0x00000000000032eb      0x97c ./Drivers/STM32F4xx_HAL_Driver/Src/stm32f4xx_hal.o
 .debug_info    0x0000000000003c67      0xe1b ./Drivers/STM32F4xx_HAL_Driver/Src/stm32f4xx_hal_cortex.o
 .debug_info    0x0000000000004a82      0x76a ./Drivers/STM32F4xx_HAL_Driver/Src/stm32f4xx_hal_gpio.o
 .debug_info    0x00000000000051ec      0x966 ./Drivers/STM32F4xx_HAL_Driver/Src/stm32f4xx_hal_rcc.o
 .debug_info    0x0000000000005b52     0x2bbe ./Drivers/STM32F4xx_HAL_Driver/Src/stm32f4xx_hal_tim.o
 .debug_info    0x0000000000008710     0x15e0 ./Drivers/STM32F4xx_HAL_Driver/Src/stm32f4xx_hal_tim_ex.o
 .debug_info    0x0000000000009cf0     0x31bc ./Drivers/STM32F4xx_HAL_Driver/Src/stm32f4xx_hal_uart.o
 .debug_info    0x000000000000ceac      0x525 ./FreeRTOS/ARM_CM4F/port.o
 .debug_info    0x000000000000d3d1      0x3ea ./FreeRTOS/heap_4.o
 .debug_info    0x000000000000d7bb      0x2d1 ./FreeRTOS/list.o
 .debug_info    0x000000000000da8c     0x184e ./FreeRTOS/queue.o
 .debug_info    0x000000000000f2da     0x2734 ./FreeRTOS/tasks.o
 .debug_info    0x0000000000011a0e      0xe77 ./FreeRTOS/timers.o

.debug_abbrev   0x0000000000000000     0x2940
 .debug_abbrev  0x0000000000000000      0x2df ./Core/Src/main.o
 .debug_abbrev  0x00000000000002df      0x19b ./Core/Src/stm32f4xx_hal_msp.o
 .debug_abbrev  0x000000000000047a      0x1d3 ./Core/Src/stm32f4xx_hal_timebase_tim.o
 .debug_abbrev  0x000000000000064d      0x171 ./Core/Src/stm32f4xx_it.o
 .debug_abbrev  0x00000000000007be      0x116 ./Core/Src/system_stm32f4xx.o
 .debug_abbrev  0x00000000000008d4       0x12 ./Core/Startup/startup_stm32f407vgtx.o
 .debug_abbrev  0x00000000000008e6      0x20d ./Drivers/STM32F4xx_HAL_Driver/Src/stm32f4xx_hal.o
 .debug_abbrev  0x0000000000000af3      0x316 ./Drivers/STM32F4xx_HAL_Driver/Src/stm32f4xx_hal_cortex.o
 .debug_abbrev  0x0000000000000e09      0x1c4 ./Drivers/STM32F4xx_HAL_Driver/Src/stm32f4xx_hal_gpio.o
 .debug_abbrev  0x0000000000000fcd      0x2aa ./Drivers/STM32F4xx_HAL_Driver/Src/stm32f4xx_hal_rcc.o
 .debug_abbrev  0x0000000000001277      0x25d ./Drivers/STM32F4xx_HAL_Driver/Src/stm32f4xx_hal_tim.o
 .debug_abbrev  0x00000000000014d4      0x265 ./Drivers/STM32F4xx_HAL_Driver/Src/stm32f4xx_hal_tim_ex.o
 .debug_abbrev  0x0000000000001739      0x2f4 ./Drivers/STM32F4xx_HAL_Driver/Src/stm32f4xx_hal_uart.o
 .debug_abbrev  0x0000000000001a2d      0x259 ./FreeRTOS/ARM_CM4F/port.o
 .debug_abbrev  0x0000000000001c86      0x1ff ./FreeRTOS/heap_4.o
 .debug_abbrev  0x0000000000001e85       0xf2 ./FreeRTOS/list.o
 .debug_abbrev  0x0000000000001f77      0x341 ./FreeRTOS/queue.o
 .debug_abbrev  0x00000000000022b8      0x3b0 ./FreeRTOS/tasks.o
 .debug_abbrev  0x0000000000002668      0x2d8 ./FreeRTOS/timers.o

.debug_aranges  0x0000000000000000     0x1098
 .debug_aranges
                0x0000000000000000       0x68 ./Core/Src/main.o
 .debug_aranges
                0x0000000000000068       0x30 ./Core/Src/stm32f4xx_hal_msp.o
 .debug_aranges
                0x0000000000000098       0x30 ./Core/Src/stm32f4xx_hal_timebase_tim.o
 .debug_aranges
                0x00000000000000c8       0x50 ./Core/Src/stm32f4xx_it.o
 .debug_aranges
                0x0000000000000118       0x28 ./Core/Src/system_stm32f4xx.o
 .debug_aranges
                0x0000000000000140       0x28 ./Core/Startup/startup_stm32f407vgtx.o
 .debug_aranges
                0x0000000000000168       0xf0 ./Drivers/STM32F4xx_HAL_Driver/Src/stm32f4xx_hal.o
 .debug_aranges
                0x0000000000000258      0x118 ./Drivers/STM32F4xx_HAL_Driver/Src/stm32f4xx_hal_cortex.o
 .debug_aranges
                0x0000000000000370       0x58 ./Drivers/STM32F4xx_HAL_Driver/Src/stm32f4xx_hal_gpio.o
 .debug_aranges
                0x00000000000003c8       0x88 ./Drivers/STM32F4xx_HAL_Driver/Src/stm32f4xx_hal_rcc.o
 .debug_aranges
                0x0000000000000450      0x3d0 ./Drivers/STM32F4xx_HAL_Driver/Src/stm32f4xx_hal_tim.o
 .debug_aranges
                0x0000000000000820      0x168 ./Drivers/STM32F4xx_HAL_Driver/Src/stm32f4xx_hal_tim_ex.o
 .debug_aranges
                0x0000000000000988      0x200 ./Drivers/STM32F4xx_HAL_Driver/Src/stm32f4xx_hal_uart.o
 .debug_aranges
                0x0000000000000b88       0x80 ./FreeRTOS/ARM_CM4F/port.o
 .debug_aranges
                0x0000000000000c08       0x50 ./FreeRTOS/heap_4.o
 .debug_aranges
                0x0000000000000c58       0x40 ./FreeRTOS/list.o
 .debug_aranges
                0x0000000000000c98      0x130 ./FreeRTOS/queue.o
 .debug_aranges
                0x0000000000000dc8      0x200 ./FreeRTOS/tasks.o
 .debug_aranges
                0x0000000000000fc8       0xd0 ./FreeRTOS/timers.o

.debug_ranges   0x0000000000000000      0xfa0
 .debug_ranges  0x0000000000000000       0x58 ./Core/Src/main.o
 .debug_ranges  0x0000000000000058       0x20 ./Core/Src/stm32f4xx_hal_msp.o
 .debug_ranges  0x0000000000000078       0x20 ./Core/Src/stm32f4xx_hal_timebase_tim.o
 .debug_ranges  0x0000000000000098       0x40 ./Core/Src/stm32f4xx_it.o
 .debug_ranges  0x00000000000000d8       0x18 ./Core/Src/system_stm32f4xx.o
 .debug_ranges  0x00000000000000f0       0x20 ./Core/Startup/startup_stm32f407vgtx.o
 .debug_ranges  0x0000000000000110       0xe0 ./Drivers/STM32F4xx_HAL_Driver/Src/stm32f4xx_hal.o
 .debug_ranges  0x00000000000001f0      0x108 ./Drivers/STM32F4xx_HAL_Driver/Src/stm32f4xx_hal_cortex.o
 .debug_ranges  0x00000000000002f8       0x48 ./Drivers/STM32F4xx_HAL_Driver/Src/stm32f4xx_hal_gpio.o
 .debug_ranges  0x0000000000000340       0x78 ./Drivers/STM32F4xx_HAL_Driver/Src/stm32f4xx_hal_rcc.o
 .debug_ranges  0x00000000000003b8      0x3c0 ./Drivers/STM32F4xx_HAL_Driver/Src/stm32f4xx_hal_tim.o
 .debug_ranges  0x0000000000000778      0x158 ./Drivers/STM32F4xx_HAL_Driver/Src/stm32f4xx_hal_tim_ex.o
 .debug_ranges  0x00000000000008d0      0x220 ./Drivers/STM32F4xx_HAL_Driver/Src/stm32f4xx_hal_uart.o
 .debug_ranges  0x0000000000000af0       0x70 ./FreeRTOS/ARM_CM4F/port.o
 .debug_ranges  0x0000000000000b60       0x40 ./FreeRTOS/heap_4.o
 .debug_ranges  0x0000000000000ba0       0x30 ./FreeRTOS/list.o
 .debug_ranges  0x0000000000000bd0      0x120 ./FreeRTOS/queue.o
 .debug_ranges  0x0000000000000cf0      0x1f0 ./FreeRTOS/tasks.o
 .debug_ranges  0x0000000000000ee0       0xc0 ./FreeRTOS/timers.o

.debug_macro    0x0000000000000000    0x2201b
 .debug_macro   0x0000000000000000      0x245 ./Core/Src/main.o
 .debug_macro   0x0000000000000245      0xa78 ./Core/Src/main.o
 .debug_macro   0x0000000000000cbd      0x29b ./Core/Src/main.o
 .debug_macro   0x0000000000000f58       0x2e ./Core/Src/main.o
 .debug_macro   0x0000000000000f86       0x2f ./Core/Src/main.o
 .debug_macro   0x0000000000000fb5       0x22 ./Core/Src/main.o
 .debug_macro   0x0000000000000fd7       0x8e ./Core/Src/main.o
 .debug_macro   0x0000000000001065       0x51 ./Core/Src/main.o
 .debug_macro   0x00000000000010b6      0x103 ./Core/Src/main.o
 .debug_macro   0x00000000000011b9       0x6a ./Core/Src/main.o
 .debug_macro   0x0000000000001223      0x1df ./Core/Src/main.o
 .debug_macro   0x0000000000001402       0x1c ./Core/Src/main.o
 .debug_macro   0x000000000000141e       0x22 ./Core/Src/main.o
 .debug_macro   0x0000000000001440       0xd9 ./Core/Src/main.o
 .debug_macro   0x0000000000001519     0x102d ./Core/Src/main.o
 .debug_macro   0x0000000000002546      0x11f ./Core/Src/main.o
 .debug_macro   0x0000000000002665    0x15e82 ./Core/Src/main.o
 .debug_macro   0x00000000000184e7       0x6d ./Core/Src/main.o
 .debug_macro   0x0000000000018554     0x367e ./Core/Src/main.o
 .debug_macro   0x000000000001bbd2      0x174 ./Core/Src/main.o
 .debug_macro   0x000000000001bd46       0x5c ./Core/Src/main.o
 .debug_macro   0x000000000001bda2      0x96b ./Core/Src/main.o
 .debug_macro   0x000000000001c70d      0x9fe ./Core/Src/main.o
 .debug_macro   0x000000000001d10b      0x115 ./Core/Src/main.o
 .debug_macro   0x000000000001d220      0x13e ./Core/Src/main.o
 .debug_macro   0x000000000001d35e       0xa5 ./Core/Src/main.o
 .debug_macro   0x000000000001d403      0x174 ./Core/Src/main.o
 .debug_macro   0x000000000001d577      0x287 ./Core/Src/main.o
 .debug_macro   0x000000000001d7fe       0x5f ./Core/Src/main.o
 .debug_macro   0x000000000001d85d      0x236 ./Core/Src/main.o
 .debug_macro   0x000000000001da93      0x12c ./Core/Src/main.o
 .debug_macro   0x000000000001dbbf      0x21e ./Core/Src/main.o
 .debug_macro   0x000000000001dddd       0x2e ./Core/Src/main.o
 .debug_macro   0x000000000001de0b      0x11a ./Core/Src/main.o
 .debug_macro   0x000000000001df25       0x7e ./Core/Src/main.o
 .debug_macro   0x000000000001dfa3       0x89 ./Core/Src/main.o
 .debug_macro   0x000000000001e02c      0x8e6 ./Core/Src/main.o
 .debug_macro   0x000000000001e912       0x47 ./Core/Src/main.o
 .debug_macro   0x000000000001e959      0x295 ./Core/Src/main.o
 .debug_macro   0x000000000001ebee      0x12d ./Core/Src/main.o
 .debug_macro   0x000000000001ed1b       0x1c ./Core/Src/main.o
 .debug_macro   0x000000000001ed37      0x106 ./Core/Src/main.o
 .debug_macro   0x000000000001ee3d      0x15a ./Core/Src/main.o
 .debug_macro   0x000000000001ef97       0xe4 ./Core/Src/main.o
 .debug_macro   0x000000000001f07b       0x1c ./Core/Src/main.o
 .debug_macro   0x000000000001f097       0x26 ./Core/Src/main.o
 .debug_macro   0x000000000001f0bd      0x4d3 ./Core/Src/main.o
 .debug_macro   0x000000000001f590       0xbc ./Core/Src/main.o
 .debug_macro   0x000000000001f64c       0xaa ./Core/Src/main.o
 .debug_macro   0x000000000001f6f6      0x1dd ./Core/Src/stm32f4xx_hal_msp.o
 .debug_macro   0x000000000001f8d3      0x1ce ./Core/Src/stm32f4xx_hal_timebase_tim.o
 .debug_macro   0x000000000001faa1      0x1e7 ./Core/Src/stm32f4xx_it.o
 .debug_macro   0x000000000001fc88      0x1ce ./Core/Src/system_stm32f4xx.o
 .debug_macro   0x000000000001fe56      0x22e ./Drivers/STM32F4xx_HAL_Driver/Src/stm32f4xx_hal.o
 .debug_macro   0x0000000000020084      0x1ce ./Drivers/STM32F4xx_HAL_Driver/Src/stm32f4xx_hal_cortex.o
 .debug_macro   0x0000000000020252      0x1d4 ./Drivers/STM32F4xx_HAL_Driver/Src/stm32f4xx_hal_gpio.o
 .debug_macro   0x0000000000020426      0x1f2 ./Drivers/STM32F4xx_HAL_Driver/Src/stm32f4xx_hal_rcc.o
 .debug_macro   0x0000000000020618      0x1cf ./Drivers/STM32F4xx_HAL_Driver/Src/stm32f4xx_hal_tim.o
 .debug_macro   0x00000000000207e7      0x1ce ./Drivers/STM32F4xx_HAL_Driver/Src/stm32f4xx_hal_tim_ex.o
 .debug_macro   0x00000000000209b5      0x1cf ./Drivers/STM32F4xx_HAL_Driver/Src/stm32f4xx_hal_uart.o
 .debug_macro   0x0000000000020b84      0x2fc ./FreeRTOS/ARM_CM4F/port.o
 .debug_macro   0x0000000000020e80      0x106 ./FreeRTOS/ARM_CM4F/port.o
 .debug_macro   0x0000000000020f86      0x314 ./FreeRTOS/heap_4.o
 .debug_macro   0x000000000002129a      0x187 ./FreeRTOS/list.o
 .debug_macro   0x0000000000021421      0x37c ./FreeRTOS/queue.o
 .debug_macro   0x000000000002179d       0x16 ./FreeRTOS/queue.o
 .debug_macro   0x00000000000217b3       0x20 ./FreeRTOS/queue.o
 .debug_macro   0x00000000000217d3       0x80 ./FreeRTOS/queue.o
 .debug_macro   0x0000000000021853      0x3df ./FreeRTOS/tasks.o
 .debug_macro   0x0000000000021c32       0x10 ./FreeRTOS/tasks.o
 .debug_macro   0x0000000000021c42      0x342 ./FreeRTOS/timers.o
 .debug_macro   0x0000000000021f84       0x97 ./FreeRTOS/timers.o

.debug_line     0x0000000000000000    0x139d3
 .debug_line    0x0000000000000000      0x9ae ./Core/Src/main.o
 .debug_line    0x00000000000009ae      0x734 ./Core/Src/stm32f4xx_hal_msp.o
 .debug_line    0x00000000000010e2      0x744 ./Core/Src/stm32f4xx_hal_timebase_tim.o
 .debug_line    0x0000000000001826      0x784 ./Core/Src/stm32f4xx_it.o
 .debug_line    0x0000000000001faa      0x769 ./Core/Src/system_stm32f4xx.o
 .debug_line    0x0000000000002713       0x88 ./Core/Startup/startup_stm32f407vgtx.o
 .debug_line    0x000000000000279b      0x9cf ./Drivers/STM32F4xx_HAL_Driver/Src/stm32f4xx_hal.o
 .debug_line    0x000000000000316a      0xc7e ./Drivers/STM32F4xx_HAL_Driver/Src/stm32f4xx_hal_cortex.o
 .debug_line    0x0000000000003de8      0xb43 ./Drivers/STM32F4xx_HAL_Driver/Src/stm32f4xx_hal_gpio.o
 .debug_line    0x000000000000492b      0xd49 ./Drivers/STM32F4xx_HAL_Driver/Src/stm32f4xx_hal_rcc.o
 .debug_line    0x0000000000005674     0x36c3 ./Drivers/STM32F4xx_HAL_Driver/Src/stm32f4xx_hal_tim.o
 .debug_line    0x0000000000008d37     0x19cc ./Drivers/STM32F4xx_HAL_Driver/Src/stm32f4xx_hal_tim_ex.o
 .debug_line    0x000000000000a703     0x2a74 ./Drivers/STM32F4xx_HAL_Driver/Src/stm32f4xx_hal_uart.o
 .debug_line    0x000000000000d177      0xb47 ./FreeRTOS/ARM_CM4F/port.o
 .debug_line    0x000000000000dcbe      0xc0e ./FreeRTOS/heap_4.o
 .debug_line    0x000000000000e8cc      0x744 ./FreeRTOS/list.o
 .debug_line    0x000000000000f010     0x186d ./FreeRTOS/queue.o
 .debug_line    0x000000000001087d     0x21db ./FreeRTOS/tasks.o
 .debug_line    0x0000000000012a58      0xf7b ./FreeRTOS/timers.o

.debug_str      0x0000000000000000    0xd15f8
 .debug_str     0x0000000000000000    0xc7d64 ./Core/Src/main.o
                                      0xc80ec (size before relaxing)
 .debug_str     0x00000000000c7d64       0x66 ./Core/Src/stm32f4xx_hal_msp.o
                                      0xc3cee (size before relaxing)
 .debug_str     0x00000000000c7dca      0x5ef ./Core/Src/stm32f4xx_hal_timebase_tim.o
                                      0xc4318 (size before relaxing)
 .debug_str     0x00000000000c83b9       0xb5 ./Core/Src/stm32f4xx_it.o
                                      0xc3ca4 (size before relaxing)
 .debug_str     0x00000000000c846e       0xdb ./Core/Src/system_stm32f4xx.o
                                      0xc3843 (size before relaxing)
 .debug_str     0x00000000000c8549       0x36 ./Core/Startup/startup_stm32f407vgtx.o
                                         0x82 (size before relaxing)
 .debug_str     0x00000000000c857f      0x5de ./Drivers/STM32F4xx_HAL_Driver/Src/stm32f4xx_hal.o
                                      0xc43c7 (size before relaxing)
 .debug_str     0x00000000000c8b5d      0x33a ./Drivers/STM32F4xx_HAL_Driver/Src/stm32f4xx_hal_cortex.o
                                      0xc40fa (size before relaxing)
 .debug_str     0x00000000000c8e97      0x10e ./Drivers/STM32F4xx_HAL_Driver/Src/stm32f4xx_hal_gpio.o
                                      0xc39be (size before relaxing)
 .debug_str     0x00000000000c8fa5      0x1fd ./Drivers/STM32F4xx_HAL_Driver/Src/stm32f4xx_hal_rcc.o
                                      0xc3c77 (size before relaxing)
 .debug_str     0x00000000000c91a2      0xe69 ./Drivers/STM32F4xx_HAL_Driver/Src/stm32f4xx_hal_tim.o
                                      0xc4bbd (size before relaxing)
 .debug_str     0x00000000000ca00b      0x503 ./Drivers/STM32F4xx_HAL_Driver/Src/stm32f4xx_hal_tim_ex.o
                                      0xc43d9 (size before relaxing)
 .debug_str     0x00000000000ca50e      0x61c ./Drivers/STM32F4xx_HAL_Driver/Src/stm32f4xx_hal_uart.o
                                      0xc4216 (size before relaxing)
 .debug_str     0x00000000000cab2a      0x866 ./FreeRTOS/ARM_CM4F/port.o
                                      0xc7d68 (size before relaxing)
 .debug_str     0x00000000000cb390     0x3122 ./FreeRTOS/heap_4.o
                                      0xca5ef (size before relaxing)
 .debug_str     0x00000000000ce4b2      0x112 ./FreeRTOS/list.o
                                       0xa6c6 (size before relaxing)
 .debug_str     0x00000000000ce5c4     0x111c ./FreeRTOS/queue.o
                                      0xcb6ac (size before relaxing)
 .debug_str     0x00000000000cf6e0     0x1a3a ./FreeRTOS/tasks.o
                                      0xcc7ea (size before relaxing)
 .debug_str     0x00000000000d111a      0x4de ./FreeRTOS/timers.o
                                      0xcba5d (size before relaxing)

.comment        0x0000000000000000       0x50
 .comment       0x0000000000000000       0x50 ./Core/Src/main.o
                                         0x51 (size before relaxing)
 .comment       0x0000000000000050       0x51 ./Core/Src/stm32f4xx_hal_msp.o
 .comment       0x0000000000000050       0x51 ./Core/Src/stm32f4xx_hal_timebase_tim.o
 .comment       0x0000000000000050       0x51 ./Core/Src/stm32f4xx_it.o
 .comment       0x0000000000000050       0x51 ./Core/Src/system_stm32f4xx.o
 .comment       0x0000000000000050       0x51 ./Drivers/STM32F4xx_HAL_Driver/Src/stm32f4xx_hal.o
 .comment       0x0000000000000050       0x51 ./Drivers/STM32F4xx_HAL_Driver/Src/stm32f4xx_hal_cortex.o
 .comment       0x0000000000000050       0x51 ./Drivers/STM32F4xx_HAL_Driver/Src/stm32f4xx_hal_gpio.o
 .comment       0x0000000000000050       0x51 ./Drivers/STM32F4xx_HAL_Driver/Src/stm32f4xx_hal_rcc.o
 .comment       0x0000000000000050       0x51 ./Drivers/STM32F4xx_HAL_Driver/Src/stm32f4xx_hal_tim.o
 .comment       0x0000000000000050       0x51 ./Drivers/STM32F4xx_HAL_Driver/Src/stm32f4xx_hal_tim_ex.o
 .comment       0x0000000000000050       0x51 ./Drivers/STM32F4xx_HAL_Driver/Src/stm32f4xx_hal_uart.o
 .comment       0x0000000000000050       0x51 ./FreeRTOS/ARM_CM4F/port.o
 .comment       0x0000000000000050       0x51 ./FreeRTOS/heap_4.o
 .comment       0x0000000000000050       0x51 ./FreeRTOS/list.o
 .comment       0x0000000000000050       0x51 ./FreeRTOS/queue.o
 .comment       0x0000000000000050       0x51 ./FreeRTOS/tasks.o
 .comment       0x0000000000000050       0x51 ./FreeRTOS/timers.o

.debug_frame    0x0000000000000000     0x45e0
 .debug_frame   0x0000000000000000      0x150 ./Core/Src/main.o
 .debug_frame   0x0000000000000150       0x80 ./Core/Src/stm32f4xx_hal_msp.o
 .debug_frame   0x00000000000001d0       0x74 ./Core/Src/stm32f4xx_hal_timebase_tim.o
 .debug_frame   0x0000000000000244       0xc4 ./Core/Src/stm32f4xx_it.o
 .debug_frame   0x0000000000000308       0x58 ./Core/Src/system_stm32f4xx.o
 .debug_frame   0x0000000000000360      0x374 ./Drivers/STM32F4xx_HAL_Driver/Src/stm32f4xx_hal.o
 .debug_frame   0x00000000000006d4      0x498 ./Drivers/STM32F4xx_HAL_Driver/Src/stm32f4xx_hal_cortex.o
 .debug_frame   0x0000000000000b6c      0x14c ./Drivers/STM32F4xx_HAL_Driver/Src/stm32f4xx_hal_gpio.o
 .debug_frame   0x0000000000000cb8      0x1f4 ./Drivers/STM32F4xx_HAL_Driver/Src/stm32f4xx_hal_rcc.o
 .debug_frame   0x0000000000000eac     0x11c4 ./Drivers/STM32F4xx_HAL_Driver/Src/stm32f4xx_hal_tim.o
 .debug_frame   0x0000000000002070      0x638 ./Drivers/STM32F4xx_HAL_Driver/Src/stm32f4xx_hal_tim_ex.o
 .debug_frame   0x00000000000026a8      0x92c ./Drivers/STM32F4xx_HAL_Driver/Src/stm32f4xx_hal_uart.o
 .debug_frame   0x0000000000002fd4      0x1a8 ./FreeRTOS/ARM_CM4F/port.o
 .debug_frame   0x000000000000317c      0x108 ./FreeRTOS/heap_4.o
 .debug_frame   0x0000000000003284       0xd8 ./FreeRTOS/list.o
 .debug_frame   0x000000000000335c      0x530 ./FreeRTOS/queue.o
 .debug_frame   0x000000000000388c      0x8cc ./FreeRTOS/tasks.o
 .debug_frame   0x0000000000004158      0x368 ./FreeRTOS/timers.o
 .debug_frame   0x00000000000044c0       0x2c /Applications/STM32CubeIDE.app/Contents/Eclipse/plugins/com.st.stm32cube.ide.mcu.externaltools.gnu-tools-for-stm32.10.3-2021.10.macos64_1.0.0.202111181127/tools/bin/../lib/gcc/arm-none-eabi/10.3.1/../../../../arm-none-eabi/lib/thumb/v7e-m+fp/hard/libc_nano.a(lib_a-init.o)
 .debug_frame   0x00000000000044ec       0x28 /Applications/STM32CubeIDE.app/Contents/Eclipse/plugins/com.st.stm32cube.ide.mcu.externaltools.gnu-tools-for-stm32.10.3-2021.10.macos64_1.0.0.202111181127/tools/bin/../lib/gcc/arm-none-eabi/10.3.1/../../../../arm-none-eabi/lib/thumb/v7e-m+fp/hard/libc_nano.a(lib_a-memcpy-stub.o)
 .debug_frame   0x0000000000004514       0x20 /Applications/STM32CubeIDE.app/Contents/Eclipse/plugins/com.st.stm32cube.ide.mcu.externaltools.gnu-tools-for-stm32.10.3-2021.10.macos64_1.0.0.202111181127/tools/bin/../lib/gcc/arm-none-eabi/10.3.1/../../../../arm-none-eabi/lib/thumb/v7e-m+fp/hard/libc_nano.a(lib_a-memset.o)
 .debug_frame   0x0000000000004534       0x20 /Applications/STM32CubeIDE.app/Contents/Eclipse/plugins/com.st.stm32cube.ide.mcu.externaltools.gnu-tools-for-stm32.10.3-2021.10.macos64_1.0.0.202111181127/tools/bin/../lib/gcc/arm-none-eabi/10.3.1/../../../../arm-none-eabi/lib/thumb/v7e-m+fp/hard/libc_nano.a(lib_a-strcpy.o)
 .debug_frame   0x0000000000004554       0x2c /Applications/STM32CubeIDE.app/Contents/Eclipse/plugins/com.st.stm32cube.ide.mcu.externaltools.gnu-tools-for-stm32.10.3-2021.10.macos64_1.0.0.202111181127/tools/bin/../lib/gcc/arm-none-eabi/10.3.1/../../../../arm-none-eabi/lib/thumb/v7e-m+fp/hard/libc_nano.a(lib_a-strncat.o)
 .debug_frame   0x0000000000004580       0x2c /Applications/STM32CubeIDE.app/Contents/Eclipse/plugins/com.st.stm32cube.ide.mcu.externaltools.gnu-tools-for-stm32.10.3-2021.10.macos64_1.0.0.202111181127/tools/bin/../lib/gcc/arm-none-eabi/10.3.1/thumb/v7e-m+fp/hard/libgcc.a(_aeabi_uldivmod.o)
 .debug_frame   0x00000000000045ac       0x34 /Applications/STM32CubeIDE.app/Contents/Eclipse/plugins/com.st.stm32cube.ide.mcu.externaltools.gnu-tools-for-stm32.10.3-2021.10.macos64_1.0.0.202111181127/tools/bin/../lib/gcc/arm-none-eabi/10.3.1/thumb/v7e-m+fp/hard/libgcc.a(_udivmoddi4.o)
